<?xml version="1.0"?>
<link_info>
   <banner>TI ARM Linker PC v16.9.6.LTS</banner>
   <copyright>Copyright (c) 1996-2017 Texas Instruments Incorporated</copyright>
   <link_time>0x5bda9e88</link_time>
   <link_errors>0x0</link_errors>
   <output_file>TivaBluetooth.out</output_file>
   <entry_point>
      <name>_c_int00</name>
      <address>0x225d</address>
   </entry_point>
   <input_file_list>
      <input_file id="fl-2">
         <path>.\</path>
         <kind>object</kind>
         <file>bluetooth.obj</file>
         <name>bluetooth.obj</name>
      </input_file>
      <input_file id="fl-3">
         <path>.\</path>
         <kind>object</kind>
         <file>tm4c123gh6pm_startup_ccs.obj</file>
         <name>tm4c123gh6pm_startup_ccs.obj</name>
      </input_file>
      <input_file id="fl-7">
         <kind>object</kind>
         <file>&lt;internal&gt;</file>
         <name>&lt;internal&gt;</name>
      </input_file>
      <input_file id="fl-bd">
         <path>C:\ti\ccsv7\tools\compiler\ti-cgt-arm_16.9.6.LTS\lib\</path>
         <kind>archive</kind>
         <file>rtsv7M4_T_le_v4SPD16_eabi.lib</file>
         <name>boot.obj</name>
      </input_file>
      <input_file id="fl-be">
         <path>C:\ti\ccsv7\tools\compiler\ti-cgt-arm_16.9.6.LTS\lib\</path>
         <kind>archive</kind>
         <file>rtsv7M4_T_le_v4SPD16_eabi.lib</file>
         <name>copy_decompress_lzss.obj</name>
      </input_file>
      <input_file id="fl-bf">
         <path>C:\ti\ccsv7\tools\compiler\ti-cgt-arm_16.9.6.LTS\lib\</path>
         <kind>archive</kind>
         <file>rtsv7M4_T_le_v4SPD16_eabi.lib</file>
         <name>copy_decompress_none.obj</name>
      </input_file>
      <input_file id="fl-c0">
         <path>C:\ti\ccsv7\tools\compiler\ti-cgt-arm_16.9.6.LTS\lib\</path>
         <kind>archive</kind>
         <file>rtsv7M4_T_le_v4SPD16_eabi.lib</file>
         <name>copy_zero_init.obj</name>
      </input_file>
      <input_file id="fl-c1">
         <path>C:\ti\ccsv7\tools\compiler\ti-cgt-arm_16.9.6.LTS\lib\</path>
         <kind>archive</kind>
         <file>rtsv7M4_T_le_v4SPD16_eabi.lib</file>
         <name>exit.obj</name>
      </input_file>
      <input_file id="fl-c2">
         <path>C:\ti\ccsv7\tools\compiler\ti-cgt-arm_16.9.6.LTS\lib\</path>
         <kind>archive</kind>
         <file>rtsv7M4_T_le_v4SPD16_eabi.lib</file>
         <name>memcpy_t2.obj</name>
      </input_file>
      <input_file id="fl-c3">
         <path>C:\ti\ccsv7\tools\compiler\ti-cgt-arm_16.9.6.LTS\lib\</path>
         <kind>archive</kind>
         <file>rtsv7M4_T_le_v4SPD16_eabi.lib</file>
         <name>memset_t2.obj</name>
      </input_file>
      <input_file id="fl-c4">
         <path>C:\ti\ccsv7\tools\compiler\ti-cgt-arm_16.9.6.LTS\lib\</path>
         <kind>archive</kind>
         <file>rtsv7M4_T_le_v4SPD16_eabi.lib</file>
         <name>mpu_init.obj</name>
      </input_file>
      <input_file id="fl-c5">
         <path>C:\ti\ccsv7\tools\compiler\ti-cgt-arm_16.9.6.LTS\lib\</path>
         <kind>archive</kind>
         <file>rtsv7M4_T_le_v4SPD16_eabi.lib</file>
         <name>pre_init.obj</name>
      </input_file>
      <input_file id="fl-c6">
         <path>C:\ti\ccsv7\tools\compiler\ti-cgt-arm_16.9.6.LTS\lib\</path>
         <kind>archive</kind>
         <file>rtsv7M4_T_le_v4SPD16_eabi.lib</file>
         <name>sprintf.obj</name>
      </input_file>
      <input_file id="fl-c7">
         <path>C:\ti\ccsv7\tools\compiler\ti-cgt-arm_16.9.6.LTS\lib\</path>
         <kind>archive</kind>
         <file>rtsv7M4_T_le_v4SPD16_eabi.lib</file>
         <name>stkdepth_vars.obj</name>
      </input_file>
      <input_file id="fl-c8">
         <path>C:\ti\ccsv7\tools\compiler\ti-cgt-arm_16.9.6.LTS\lib\</path>
         <kind>archive</kind>
         <file>rtsv7M4_T_le_v4SPD16_eabi.lib</file>
         <name>strlen.obj</name>
      </input_file>
      <input_file id="fl-c9">
         <path>C:\ti\ccsv7\tools\compiler\ti-cgt-arm_16.9.6.LTS\lib\</path>
         <kind>archive</kind>
         <file>rtsv7M4_T_le_v4SPD16_eabi.lib</file>
         <name>_lock.obj</name>
      </input_file>
      <input_file id="fl-ca">
         <path>C:\ti\ccsv7\tools\compiler\ti-cgt-arm_16.9.6.LTS\lib\</path>
         <kind>archive</kind>
         <file>rtsv7M4_T_le_v4SPD16_eabi.lib</file>
         <name>_printfi.obj</name>
      </input_file>
      <input_file id="fl-cb">
         <path>C:\ti\ccsv7\tools\compiler\ti-cgt-arm_16.9.6.LTS\lib\</path>
         <kind>archive</kind>
         <file>rtsv7M4_T_le_v4SPD16_eabi.lib</file>
         <name>args_main.obj</name>
      </input_file>
      <input_file id="fl-cc">
         <path>C:\ti\ccsv7\tools\compiler\ti-cgt-arm_16.9.6.LTS\lib\</path>
         <kind>archive</kind>
         <file>rtsv7M4_T_le_v4SPD16_eabi.lib</file>
         <name>atoi.obj</name>
      </input_file>
      <input_file id="fl-cd">
         <path>C:\ti\ccsv7\tools\compiler\ti-cgt-arm_16.9.6.LTS\lib\</path>
         <kind>archive</kind>
         <file>rtsv7M4_T_le_v4SPD16_eabi.lib</file>
         <name>autoinit.obj</name>
      </input_file>
      <input_file id="fl-ce">
         <path>C:\ti\ccsv7\tools\compiler\ti-cgt-arm_16.9.6.LTS\lib\</path>
         <kind>archive</kind>
         <file>rtsv7M4_T_le_v4SPD16_eabi.lib</file>
         <name>cpy_tbl.obj</name>
      </input_file>
      <input_file id="fl-cf">
         <path>C:\ti\ccsv7\tools\compiler\ti-cgt-arm_16.9.6.LTS\lib\</path>
         <kind>archive</kind>
         <file>rtsv7M4_T_le_v4SPD16_eabi.lib</file>
         <name>ctype.obj</name>
      </input_file>
      <input_file id="fl-d0">
         <path>C:\ti\ccsv7\tools\compiler\ti-cgt-arm_16.9.6.LTS\lib\</path>
         <kind>archive</kind>
         <file>rtsv7M4_T_le_v4SPD16_eabi.lib</file>
         <name>fd_add_t2.obj</name>
      </input_file>
      <input_file id="fl-d1">
         <path>C:\ti\ccsv7\tools\compiler\ti-cgt-arm_16.9.6.LTS\lib\</path>
         <kind>archive</kind>
         <file>rtsv7M4_T_le_v4SPD16_eabi.lib</file>
         <name>fd_cmp_t2.obj</name>
      </input_file>
      <input_file id="fl-d2">
         <path>C:\ti\ccsv7\tools\compiler\ti-cgt-arm_16.9.6.LTS\lib\</path>
         <kind>archive</kind>
         <file>rtsv7M4_T_le_v4SPD16_eabi.lib</file>
         <name>fd_div_t2.obj</name>
      </input_file>
      <input_file id="fl-d3">
         <path>C:\ti\ccsv7\tools\compiler\ti-cgt-arm_16.9.6.LTS\lib\</path>
         <kind>archive</kind>
         <file>rtsv7M4_T_le_v4SPD16_eabi.lib</file>
         <name>fd_mul_t2.obj</name>
      </input_file>
      <input_file id="fl-d4">
         <path>C:\ti\ccsv7\tools\compiler\ti-cgt-arm_16.9.6.LTS\lib\</path>
         <kind>archive</kind>
         <file>rtsv7M4_T_le_v4SPD16_eabi.lib</file>
         <name>fd_toi_t2.obj</name>
      </input_file>
      <input_file id="fl-d5">
         <path>C:\ti\ccsv7\tools\compiler\ti-cgt-arm_16.9.6.LTS\lib\</path>
         <kind>archive</kind>
         <file>rtsv7M4_T_le_v4SPD16_eabi.lib</file>
         <name>i_tofd_t2.obj</name>
      </input_file>
      <input_file id="fl-d6">
         <path>C:\ti\ccsv7\tools\compiler\ti-cgt-arm_16.9.6.LTS\lib\</path>
         <kind>archive</kind>
         <file>rtsv7M4_T_le_v4SPD16_eabi.lib</file>
         <name>ltoa.obj</name>
      </input_file>
      <input_file id="fl-d7">
         <path>C:\ti\ccsv7\tools\compiler\ti-cgt-arm_16.9.6.LTS\lib\</path>
         <kind>archive</kind>
         <file>rtsv7M4_T_le_v4SPD16_eabi.lib</file>
         <name>memccpy.obj</name>
      </input_file>
      <input_file id="fl-d8">
         <path>C:\ti\ccsv7\tools\compiler\ti-cgt-arm_16.9.6.LTS\lib\</path>
         <kind>archive</kind>
         <file>rtsv7M4_T_le_v4SPD16_eabi.lib</file>
         <name>s_frexp.obj</name>
      </input_file>
      <input_file id="fl-d9">
         <path>C:\ti\ccsv7\tools\compiler\ti-cgt-arm_16.9.6.LTS\lib\</path>
         <kind>archive</kind>
         <file>rtsv7M4_T_le_v4SPD16_eabi.lib</file>
         <name>s_scalbn.obj</name>
      </input_file>
      <input_file id="fl-da">
         <path>C:\ti\ccsv7\tools\compiler\ti-cgt-arm_16.9.6.LTS\lib\</path>
         <kind>archive</kind>
         <file>rtsv7M4_T_le_v4SPD16_eabi.lib</file>
         <name>startup.obj</name>
      </input_file>
      <input_file id="fl-db">
         <path>C:\ti\ccsv7\tools\compiler\ti-cgt-arm_16.9.6.LTS\lib\</path>
         <kind>archive</kind>
         <file>rtsv7M4_T_le_v4SPD16_eabi.lib</file>
         <name>strchr.obj</name>
      </input_file>
      <input_file id="fl-dc">
         <path>C:\ti\ccsv7\tools\compiler\ti-cgt-arm_16.9.6.LTS\lib\</path>
         <kind>archive</kind>
         <file>rtsv7M4_T_le_v4SPD16_eabi.lib</file>
         <name>ull_div_t2.obj</name>
      </input_file>
      <input_file id="fl-dd">
         <path>C:\ti\ccsv7\tools\compiler\ti-cgt-arm_16.9.6.LTS\lib\</path>
         <kind>archive</kind>
         <file>rtsv7M4_T_le_v4SPD16_eabi.lib</file>
         <name>errno.obj</name>
      </input_file>
      <input_file id="fl-de">
         <path>C:\ti\ccsv7\tools\compiler\ti-cgt-arm_16.9.6.LTS\lib\</path>
         <kind>archive</kind>
         <file>rtsv7M4_T_le_v4SPD16_eabi.lib</file>
         <name>s_copysign.obj</name>
      </input_file>
   </input_file_list>
   <object_component_list>
      <object_component id="oc-f">
         <name>.intvecs</name>
         <load_address>0x0</load_address>
         <run_address>0x0</run_address>
         <size>0x26c</size>
         <input_file_ref idref="fl-3"/>
      </object_component>
      <object_component id="oc-d1">
         <name>.text</name>
         <load_address>0x26c</load_address>
         <run_address>0x26c</run_address>
         <size>0x113e</size>
         <input_file_ref idref="fl-ca"/>
      </object_component>
      <object_component id="oc-5d">
         <name>.text</name>
         <load_address>0x13aa</load_address>
         <run_address>0x13aa</run_address>
         <size>0x2</size>
         <input_file_ref idref="fl-c4"/>
      </object_component>
      <object_component id="oc-31">
         <name>.text</name>
         <load_address>0x13ac</load_address>
         <run_address>0x13ac</run_address>
         <size>0x418</size>
         <input_file_ref idref="fl-2"/>
      </object_component>
      <object_component id="oc-10f">
         <name>.text</name>
         <load_address>0x17c4</load_address>
         <run_address>0x17c4</run_address>
         <size>0x1f4</size>
         <input_file_ref idref="fl-dc"/>
      </object_component>
      <object_component id="oc-138">
         <name>.text</name>
         <load_address>0x19b8</load_address>
         <run_address>0x19b8</run_address>
         <size>0x1b6</size>
         <input_file_ref idref="fl-d0"/>
      </object_component>
      <object_component id="oc-11e">
         <name>.text</name>
         <load_address>0x1b6e</load_address>
         <run_address>0x1b6e</run_address>
         <size>0x136</size>
         <input_file_ref idref="fl-d2"/>
      </object_component>
      <object_component id="oc-119">
         <name>.text</name>
         <load_address>0x1ca4</load_address>
         <run_address>0x1ca4</run_address>
         <size>0xfc</size>
         <input_file_ref idref="fl-d3"/>
      </object_component>
      <object_component id="oc-143">
         <name>.text</name>
         <load_address>0x1da0</load_address>
         <run_address>0x1da0</run_address>
         <size>0xfc</size>
         <input_file_ref idref="fl-d9"/>
      </object_component>
      <object_component id="oc-45">
         <name>.text</name>
         <load_address>0x1e9c</load_address>
         <run_address>0x1e9c</run_address>
         <size>0x9c</size>
         <input_file_ref idref="fl-c2"/>
      </object_component>
      <object_component id="oc-114">
         <name>.text:__aeabi_cdcmple</name>
         <load_address>0x1f38</load_address>
         <run_address>0x1f38</run_address>
         <size>0x86</size>
         <input_file_ref idref="fl-d1"/>
      </object_component>
      <object_component id="oc-123">
         <name>.text:__aeabi_cdrcmple</name>
         <load_address>0x1fbe</load_address>
         <run_address>0x1fbe</run_address>
         <size>0x86</size>
         <input_file_ref idref="fl-d1"/>
      </object_component>
      <object_component id="oc-51">
         <name>.text</name>
         <load_address>0x2044</load_address>
         <run_address>0x2044</run_address>
         <size>0x7a</size>
         <input_file_ref idref="fl-c3"/>
      </object_component>
      <object_component id="oc-ba">
         <name>.text</name>
         <load_address>0x20be</load_address>
         <run_address>0x20be</run_address>
         <size>0x2</size>
         <input_file_ref idref="fl-da"/>
      </object_component>
      <object_component id="oc-69">
         <name>.text</name>
         <load_address>0x20c0</load_address>
         <run_address>0x20c0</run_address>
         <size>0x70</size>
         <input_file_ref idref="fl-cd"/>
      </object_component>
      <object_component id="oc-12">
         <name>.text:decompress:lzss</name>
         <load_address>0x2130</load_address>
         <run_address>0x2130</run_address>
         <size>0x68</size>
         <input_file_ref idref="fl-be"/>
      </object_component>
      <object_component id="oc-13d">
         <name>.text</name>
         <load_address>0x2198</load_address>
         <run_address>0x2198</run_address>
         <size>0x64</size>
         <input_file_ref idref="fl-d8"/>
      </object_component>
      <object_component id="oc-86">
         <name>.text</name>
         <load_address>0x21fc</load_address>
         <run_address>0x21fc</run_address>
         <size>0x60</size>
         <input_file_ref idref="fl-c6"/>
      </object_component>
      <object_component id="oc-24">
         <name>.text</name>
         <load_address>0x225c</load_address>
         <run_address>0x225c</run_address>
         <size>0x54</size>
         <input_file_ref idref="fl-bd"/>
      </object_component>
      <object_component id="oc-75">
         <name>.text</name>
         <load_address>0x22b0</load_address>
         <run_address>0x22b0</run_address>
         <size>0x54</size>
         <input_file_ref idref="fl-c1"/>
      </object_component>
      <object_component id="oc-12d">
         <name>.text</name>
         <load_address>0x2304</load_address>
         <run_address>0x2304</run_address>
         <size>0x54</size>
         <input_file_ref idref="fl-d6"/>
      </object_component>
      <object_component id="oc-14f">
         <name>.text</name>
         <load_address>0x2358</load_address>
         <run_address>0x2358</run_address>
         <size>0x4c</size>
         <input_file_ref idref="fl-cc"/>
      </object_component>
      <object_component id="oc-b4">
         <name>.text</name>
         <load_address>0x23a4</load_address>
         <run_address>0x23a4</run_address>
         <size>0x4c</size>
         <input_file_ref idref="fl-ce"/>
      </object_component>
      <object_component id="oc-128">
         <name>.text</name>
         <load_address>0x23f0</load_address>
         <run_address>0x23f0</run_address>
         <size>0x48</size>
         <input_file_ref idref="fl-d4"/>
      </object_component>
      <object_component id="oc-133">
         <name>.text</name>
         <load_address>0x2438</load_address>
         <run_address>0x2438</run_address>
         <size>0x2e</size>
         <input_file_ref idref="fl-d5"/>
      </object_component>
      <object_component id="oc-155">
         <name>.text</name>
         <load_address>0x2466</load_address>
         <run_address>0x2466</run_address>
         <size>0x1c</size>
         <input_file_ref idref="fl-d7"/>
      </object_component>
      <object_component id="oc-6f">
         <name>.text</name>
         <load_address>0x2484</load_address>
         <run_address>0x2484</run_address>
         <size>0x18</size>
         <input_file_ref idref="fl-cb"/>
      </object_component>
      <object_component id="oc-149">
         <name>.text</name>
         <load_address>0x249c</load_address>
         <run_address>0x249c</run_address>
         <size>0x16</size>
         <input_file_ref idref="fl-db"/>
      </object_component>
      <object_component id="oc-101">
         <name>.text</name>
         <load_address>0x24b4</load_address>
         <run_address>0x24b4</run_address>
         <size>0x14</size>
         <input_file_ref idref="fl-c9"/>
      </object_component>
      <object_component id="oc-18e">
         <name>.text</name>
         <load_address>0x24c8</load_address>
         <run_address>0x24c8</run_address>
         <size>0x14</size>
         <input_file_ref idref="fl-de"/>
      </object_component>
      <object_component id="oc-80">
         <name>.text</name>
         <load_address>0x24dc</load_address>
         <run_address>0x24dc</run_address>
         <size>0x14</size>
         <input_file_ref idref="fl-c8"/>
      </object_component>
      <object_component id="oc-18">
         <name>.text:decompress:none</name>
         <load_address>0x24f0</load_address>
         <run_address>0x24f0</run_address>
         <size>0xe</size>
         <input_file_ref idref="fl-bf"/>
      </object_component>
      <object_component id="oc-1e">
         <name>.text:decompress:ZI</name>
         <load_address>0x24fe</load_address>
         <run_address>0x24fe</run_address>
         <size>0xc</size>
         <input_file_ref idref="fl-c0"/>
      </object_component>
      <object_component id="oc-2b">
         <name>.text</name>
         <load_address>0x250a</load_address>
         <run_address>0x250a</run_address>
         <size>0xc</size>
         <input_file_ref idref="fl-3"/>
      </object_component>
      <object_component id="oc-63">
         <name>.text</name>
         <load_address>0x2516</load_address>
         <run_address>0x2516</run_address>
         <size>0x4</size>
         <input_file_ref idref="fl-c5"/>
      </object_component>
      <object_component id="oc-19b">
         <name>.const:.string:_ctypes_</name>
         <load_address>0x251a</load_address>
         <run_address>0x251a</run_address>
         <size>0x101</size>
         <input_file_ref idref="fl-cf"/>
      </object_component>
      <object_component id="oc-1de">
         <name>.cinit..data.load</name>
         <load_address>0x2620</load_address>
         <run_address>0x2620</run_address>
         <size>0x1a</size>
      </object_component>
      <object_component id="oc-1dc">
         <name>__TI_handler_table</name>
         <load_address>0x263c</load_address>
         <run_address>0x263c</run_address>
         <size>0xc</size>
      </object_component>
      <object_component id="oc-1df">
         <name>.cinit..bss.load</name>
         <load_address>0x2648</load_address>
         <run_address>0x2648</run_address>
         <size>0x8</size>
      </object_component>
      <object_component id="oc-1dd">
         <name>__TI_cinit_table</name>
         <load_address>0x2650</load_address>
         <run_address>0x2650</run_address>
         <size>0x10</size>
      </object_component>
      <object_component id="oc-90">
         <name>.data</name>
         <load_address>0x2000080c</load_address>
         <run_address>0x2000080c</run_address>
         <size>0xc</size>
         <input_file_ref idref="fl-2"/>
      </object_component>
      <object_component id="oc-c4">
         <name>.data:$O1$$</name>
         <load_address>0x20000800</load_address>
         <run_address>0x20000800</run_address>
         <size>0xc</size>
         <input_file_ref idref="fl-c1"/>
      </object_component>
      <object_component id="oc-7b">
         <name>.data</name>
         <load_address>0x20000824</load_address>
         <run_address>0x20000824</run_address>
         <size>0x4</size>
         <input_file_ref idref="fl-c7"/>
      </object_component>
      <object_component id="oc-c7">
         <name>.data:$O1$$</name>
         <load_address>0x20000818</load_address>
         <run_address>0x20000818</run_address>
         <size>0x8</size>
         <input_file_ref idref="fl-c9"/>
      </object_component>
      <object_component id="oc-194">
         <name>.data</name>
         <load_address>0x20000820</load_address>
         <run_address>0x20000820</run_address>
         <size>0x4</size>
         <input_file_ref idref="fl-dd"/>
      </object_component>
      <object_component id="oc-8c">
         <name>.common:rxChar</name>
         <uninitialized>true</uninitialized>
         <run_address>0x20000834</run_address>
         <size>0x1</size>
      </object_component>
      <object_component id="oc-8f">
         <name>.common:txChar</name>
         <uninitialized>true</uninitialized>
         <run_address>0x20000835</run_address>
         <size>0x1</size>
      </object_component>
      <object_component id="oc-93">
         <name>.common:countstr</name>
         <uninitialized>true</uninitialized>
         <run_address>0x20000828</run_address>
         <size>0xc</size>
      </object_component>
      <object_component id="oc-2a">
         <name>.stack</name>
         <uninitialized>true</uninitialized>
         <run_address>0x20000000</run_address>
         <size>0x0</size>
         <input_file_ref idref="fl-bd"/>
      </object_component>
      <object_component id="oc-1e0">
         <name>.stack</name>
         <uninitialized>true</uninitialized>
         <run_address>0x20000000</run_address>
         <size>0x0</size>
      </object_component>
      <object_component id="oc-8d">
         <name>.debug_info</name>
         <load_address>0x0</load_address>
         <run_address>0x0</run_address>
         <size>0x352</size>
         <input_file_ref idref="fl-2"/>
      </object_component>
      <object_component id="oc-91">
         <name>.debug_info</name>
         <load_address>0x352</load_address>
         <run_address>0x352</run_address>
         <size>0x11b</size>
         <input_file_ref idref="fl-2"/>
      </object_component>
      <object_component id="oc-32">
         <name>.debug_info</name>
         <load_address>0x46d</load_address>
         <run_address>0x46d</run_address>
         <size>0x4f8</size>
         <input_file_ref idref="fl-2"/>
      </object_component>
      <object_component id="oc-e0">
         <name>.debug_info</name>
         <load_address>0x965</load_address>
         <run_address>0x965</run_address>
         <size>0xc8</size>
         <input_file_ref idref="fl-2"/>
      </object_component>
      <object_component id="oc-40">
         <name>.debug_info</name>
         <load_address>0xa2d</load_address>
         <run_address>0xa2d</run_address>
         <size>0x84</size>
         <input_file_ref idref="fl-2"/>
      </object_component>
      <object_component id="oc-97">
         <name>.debug_info</name>
         <load_address>0xab1</load_address>
         <run_address>0xab1</run_address>
         <size>0x18b</size>
         <input_file_ref idref="fl-2"/>
      </object_component>
      <object_component id="oc-d9">
         <name>.debug_info</name>
         <load_address>0xc3c</load_address>
         <run_address>0xc3c</run_address>
         <size>0x4e</size>
         <input_file_ref idref="fl-2"/>
      </object_component>
      <object_component id="oc-39">
         <name>.debug_info</name>
         <load_address>0xc8a</load_address>
         <run_address>0xc8a</run_address>
         <size>0x31a</size>
         <input_file_ref idref="fl-3"/>
      </object_component>
      <object_component id="oc-10">
         <name>.debug_info</name>
         <load_address>0xfa4</load_address>
         <run_address>0xfa4</run_address>
         <size>0xeb</size>
         <input_file_ref idref="fl-3"/>
      </object_component>
      <object_component id="oc-2c">
         <name>.debug_info</name>
         <load_address>0x108f</load_address>
         <run_address>0x108f</run_address>
         <size>0x267</size>
         <input_file_ref idref="fl-3"/>
      </object_component>
      <object_component id="oc-25">
         <name>.debug_info</name>
         <load_address>0x12f6</load_address>
         <run_address>0x12f6</run_address>
         <size>0x160</size>
         <input_file_ref idref="fl-bd"/>
      </object_component>
      <object_component id="oc-a1">
         <name>.debug_info</name>
         <load_address>0x1456</load_address>
         <run_address>0x1456</run_address>
         <size>0x293</size>
         <input_file_ref idref="fl-be"/>
      </object_component>
      <object_component id="oc-13">
         <name>.debug_info</name>
         <load_address>0x16e9</load_address>
         <run_address>0x16e9</run_address>
         <size>0x245</size>
         <input_file_ref idref="fl-be"/>
      </object_component>
      <object_component id="oc-3b">
         <name>.debug_info</name>
         <load_address>0x192e</load_address>
         <run_address>0x192e</run_address>
         <size>0x60</size>
         <input_file_ref idref="fl-be"/>
      </object_component>
      <object_component id="oc-9c">
         <name>.debug_info</name>
         <load_address>0x198e</load_address>
         <run_address>0x198e</run_address>
         <size>0x46</size>
         <input_file_ref idref="fl-be"/>
      </object_component>
      <object_component id="oc-50">
         <name>.debug_info</name>
         <load_address>0x19d4</load_address>
         <run_address>0x19d4</run_address>
         <size>0x2da</size>
         <input_file_ref idref="fl-bf"/>
      </object_component>
      <object_component id="oc-1b">
         <name>.debug_info</name>
         <load_address>0x1cae</load_address>
         <run_address>0x1cae</run_address>
         <size>0x1df</size>
         <input_file_ref idref="fl-bf"/>
      </object_component>
      <object_component id="oc-4b">
         <name>.debug_info</name>
         <load_address>0x1e8d</load_address>
         <run_address>0x1e8d</run_address>
         <size>0x46</size>
         <input_file_ref idref="fl-bf"/>
      </object_component>
      <object_component id="oc-a3">
         <name>.debug_info</name>
         <load_address>0x1ed3</load_address>
         <run_address>0x1ed3</run_address>
         <size>0x2c</size>
         <input_file_ref idref="fl-bf"/>
      </object_component>
      <object_component id="oc-5c">
         <name>.debug_info</name>
         <load_address>0x1eff</load_address>
         <run_address>0x1eff</run_address>
         <size>0x2c9</size>
         <input_file_ref idref="fl-c0"/>
      </object_component>
      <object_component id="oc-1f">
         <name>.debug_info</name>
         <load_address>0x21c8</load_address>
         <run_address>0x21c8</run_address>
         <size>0x1aa</size>
         <input_file_ref idref="fl-c0"/>
      </object_component>
      <object_component id="oc-57">
         <name>.debug_info</name>
         <load_address>0x2372</load_address>
         <run_address>0x2372</run_address>
         <size>0x46</size>
         <input_file_ref idref="fl-c0"/>
      </object_component>
      <object_component id="oc-ab">
         <name>.debug_info</name>
         <load_address>0x23b8</load_address>
         <run_address>0x23b8</run_address>
         <size>0x2c</size>
         <input_file_ref idref="fl-c0"/>
      </object_component>
      <object_component id="oc-cb">
         <name>.debug_info</name>
         <load_address>0x23e4</load_address>
         <run_address>0x23e4</run_address>
         <size>0x3ce</size>
         <input_file_ref idref="fl-c1"/>
      </object_component>
      <object_component id="oc-c5">
         <name>.debug_info</name>
         <load_address>0x27b2</load_address>
         <run_address>0x27b2</run_address>
         <size>0x185</size>
         <input_file_ref idref="fl-c1"/>
      </object_component>
      <object_component id="oc-77">
         <name>.debug_info</name>
         <load_address>0x2937</load_address>
         <run_address>0x2937</run_address>
         <size>0x214</size>
         <input_file_ref idref="fl-c1"/>
      </object_component>
      <object_component id="oc-48">
         <name>.debug_info</name>
         <load_address>0x2b4b</load_address>
         <run_address>0x2b4b</run_address>
         <size>0x111</size>
         <input_file_ref idref="fl-c2"/>
      </object_component>
      <object_component id="oc-52">
         <name>.debug_info</name>
         <load_address>0x2c5c</load_address>
         <run_address>0x2c5c</run_address>
         <size>0x13f</size>
         <input_file_ref idref="fl-c3"/>
      </object_component>
      <object_component id="oc-60">
         <name>.debug_info</name>
         <load_address>0x2d9b</load_address>
         <run_address>0x2d9b</run_address>
         <size>0x138</size>
         <input_file_ref idref="fl-c4"/>
      </object_component>
      <object_component id="oc-64">
         <name>.debug_info</name>
         <load_address>0x2ed3</load_address>
         <run_address>0x2ed3</run_address>
         <size>0x148</size>
         <input_file_ref idref="fl-c5"/>
      </object_component>
      <object_component id="oc-d8">
         <name>.debug_info</name>
         <load_address>0x301b</load_address>
         <run_address>0x301b</run_address>
         <size>0x355</size>
         <input_file_ref idref="fl-c6"/>
      </object_component>
      <object_component id="oc-87">
         <name>.debug_info</name>
         <load_address>0x3370</load_address>
         <run_address>0x3370</run_address>
         <size>0x2e4</size>
         <input_file_ref idref="fl-c6"/>
      </object_component>
      <object_component id="oc-167">
         <name>.debug_info</name>
         <load_address>0x3654</load_address>
         <run_address>0x3654</run_address>
         <size>0x2c</size>
         <input_file_ref idref="fl-c6"/>
      </object_component>
      <object_component id="oc-7c">
         <name>.debug_info</name>
         <load_address>0x3680</load_address>
         <run_address>0x3680</run_address>
         <size>0x109</size>
         <input_file_ref idref="fl-c7"/>
      </object_component>
      <object_component id="oc-d0">
         <name>.debug_info</name>
         <load_address>0x3789</load_address>
         <run_address>0x3789</run_address>
         <size>0x284</size>
         <input_file_ref idref="fl-c8"/>
      </object_component>
      <object_component id="oc-82">
         <name>.debug_info</name>
         <load_address>0x3a0d</load_address>
         <run_address>0x3a0d</run_address>
         <size>0x22a</size>
         <input_file_ref idref="fl-c8"/>
      </object_component>
      <object_component id="oc-109">
         <name>.debug_info</name>
         <load_address>0x3c37</load_address>
         <run_address>0x3c37</run_address>
         <size>0x2be</size>
         <input_file_ref idref="fl-c9"/>
      </object_component>
      <object_component id="oc-c8">
         <name>.debug_info</name>
         <load_address>0x3ef5</load_address>
         <run_address>0x3ef5</run_address>
         <size>0x113</size>
         <input_file_ref idref="fl-c9"/>
      </object_component>
      <object_component id="oc-102">
         <name>.debug_info</name>
         <load_address>0x4008</load_address>
         <run_address>0x4008</run_address>
         <size>0x21f</size>
         <input_file_ref idref="fl-c9"/>
      </object_component>
      <object_component id="oc-15c">
         <name>.debug_info</name>
         <load_address>0x4227</load_address>
         <run_address>0x4227</run_address>
         <size>0x51f</size>
         <input_file_ref idref="fl-ca"/>
      </object_component>
      <object_component id="oc-d2">
         <name>.debug_info</name>
         <load_address>0x4746</load_address>
         <run_address>0x4746</run_address>
         <size>0x1543</size>
         <input_file_ref idref="fl-ca"/>
      </object_component>
      <object_component id="oc-15d">
         <name>.debug_info</name>
         <load_address>0x5c89</load_address>
         <run_address>0x5c89</run_address>
         <size>0x86</size>
         <input_file_ref idref="fl-ca"/>
      </object_component>
      <object_component id="oc-1a4">
         <name>.debug_info</name>
         <load_address>0x5d0f</load_address>
         <run_address>0x5d0f</run_address>
         <size>0x46</size>
         <input_file_ref idref="fl-ca"/>
      </object_component>
      <object_component id="oc-162">
         <name>.debug_info</name>
         <load_address>0x5d55</load_address>
         <run_address>0x5d55</run_address>
         <size>0x39</size>
         <input_file_ref idref="fl-ca"/>
      </object_component>
      <object_component id="oc-c3">
         <name>.debug_info</name>
         <load_address>0x5d8e</load_address>
         <run_address>0x5d8e</run_address>
         <size>0x300</size>
         <input_file_ref idref="fl-cb"/>
      </object_component>
      <object_component id="oc-73">
         <name>.debug_info</name>
         <load_address>0x608e</load_address>
         <run_address>0x608e</run_address>
         <size>0x167</size>
         <input_file_ref idref="fl-cb"/>
      </object_component>
      <object_component id="oc-fa">
         <name>.debug_info</name>
         <load_address>0x61f5</load_address>
         <run_address>0x61f5</run_address>
         <size>0x5e</size>
         <input_file_ref idref="fl-cb"/>
      </object_component>
      <object_component id="oc-19f">
         <name>.debug_info</name>
         <load_address>0x6253</load_address>
         <run_address>0x6253</run_address>
         <size>0x2ae</size>
         <input_file_ref idref="fl-cc"/>
      </object_component>
      <object_component id="oc-152">
         <name>.debug_info</name>
         <load_address>0x6501</load_address>
         <run_address>0x6501</run_address>
         <size>0x171</size>
         <input_file_ref idref="fl-cc"/>
      </object_component>
      <object_component id="oc-c1">
         <name>.debug_info</name>
         <load_address>0x6672</load_address>
         <run_address>0x6672</run_address>
         <size>0x483</size>
         <input_file_ref idref="fl-cd"/>
      </object_component>
      <object_component id="oc-6c">
         <name>.debug_info</name>
         <load_address>0x6af5</load_address>
         <run_address>0x6af5</run_address>
         <size>0x190</size>
         <input_file_ref idref="fl-cd"/>
      </object_component>
      <object_component id="oc-ee">
         <name>.debug_info</name>
         <load_address>0x6c85</load_address>
         <run_address>0x6c85</run_address>
         <size>0x39</size>
         <input_file_ref idref="fl-cd"/>
      </object_component>
      <object_component id="oc-175">
         <name>.debug_info</name>
         <load_address>0x6cbe</load_address>
         <run_address>0x6cbe</run_address>
         <size>0x39</size>
         <input_file_ref idref="fl-cd"/>
      </object_component>
      <object_component id="oc-f3">
         <name>.debug_info</name>
         <load_address>0x6cf7</load_address>
         <run_address>0x6cf7</run_address>
         <size>0xcd</size>
         <input_file_ref idref="fl-cd"/>
      </object_component>
      <object_component id="oc-ea">
         <name>.debug_info</name>
         <load_address>0x6dc4</load_address>
         <run_address>0x6dc4</run_address>
         <size>0x37a</size>
         <input_file_ref idref="fl-ce"/>
      </object_component>
      <object_component id="oc-b5">
         <name>.debug_info</name>
         <load_address>0x713e</load_address>
         <run_address>0x713e</run_address>
         <size>0x183</size>
         <input_file_ref idref="fl-ce"/>
      </object_component>
      <object_component id="oc-170">
         <name>.debug_info</name>
         <load_address>0x72c1</load_address>
         <run_address>0x72c1</run_address>
         <size>0x2c</size>
         <input_file_ref idref="fl-ce"/>
      </object_component>
      <object_component id="oc-1b6">
         <name>.debug_info</name>
         <load_address>0x72ed</load_address>
         <run_address>0x72ed</run_address>
         <size>0xee</size>
         <input_file_ref idref="fl-cf"/>
      </object_component>
      <object_component id="oc-19c">
         <name>.debug_info</name>
         <load_address>0x73db</load_address>
         <run_address>0x73db</run_address>
         <size>0xfa</size>
         <input_file_ref idref="fl-cf"/>
      </object_component>
      <object_component id="oc-139">
         <name>.debug_info</name>
         <load_address>0x74d5</load_address>
         <run_address>0x74d5</run_address>
         <size>0x144</size>
         <input_file_ref idref="fl-d0"/>
      </object_component>
      <object_component id="oc-115">
         <name>.debug_info</name>
         <load_address>0x7619</load_address>
         <run_address>0x7619</run_address>
         <size>0x120</size>
         <input_file_ref idref="fl-d1"/>
      </object_component>
      <object_component id="oc-124">
         <name>.debug_info</name>
         <load_address>0x7739</load_address>
         <run_address>0x7739</run_address>
         <size>0x122</size>
         <input_file_ref idref="fl-d1"/>
      </object_component>
      <object_component id="oc-120">
         <name>.debug_info</name>
         <load_address>0x785b</load_address>
         <run_address>0x785b</run_address>
         <size>0x132</size>
         <input_file_ref idref="fl-d2"/>
      </object_component>
      <object_component id="oc-11a">
         <name>.debug_info</name>
         <load_address>0x798d</load_address>
         <run_address>0x798d</run_address>
         <size>0x132</size>
         <input_file_ref idref="fl-d3"/>
      </object_component>
      <object_component id="oc-129">
         <name>.debug_info</name>
         <load_address>0x7abf</load_address>
         <run_address>0x7abf</run_address>
         <size>0x126</size>
         <input_file_ref idref="fl-d4"/>
      </object_component>
      <object_component id="oc-135">
         <name>.debug_info</name>
         <load_address>0x7be5</load_address>
         <run_address>0x7be5</run_address>
         <size>0x124</size>
         <input_file_ref idref="fl-d5"/>
      </object_component>
      <object_component id="oc-184">
         <name>.debug_info</name>
         <load_address>0x7d09</load_address>
         <run_address>0x7d09</run_address>
         <size>0x2e6</size>
         <input_file_ref idref="fl-d6"/>
      </object_component>
      <object_component id="oc-12f">
         <name>.debug_info</name>
         <load_address>0x7fef</load_address>
         <run_address>0x7fef</run_address>
         <size>0x1c2</size>
         <input_file_ref idref="fl-d6"/>
      </object_component>
      <object_component id="oc-1a1">
         <name>.debug_info</name>
         <load_address>0x81b1</load_address>
         <run_address>0x81b1</run_address>
         <size>0x28b</size>
         <input_file_ref idref="fl-d7"/>
      </object_component>
      <object_component id="oc-156">
         <name>.debug_info</name>
         <load_address>0x843c</load_address>
         <run_address>0x843c</run_address>
         <size>0x1ab</size>
         <input_file_ref idref="fl-d7"/>
      </object_component>
      <object_component id="oc-188">
         <name>.debug_info</name>
         <load_address>0x85e7</load_address>
         <run_address>0x85e7</run_address>
         <size>0x2d9</size>
         <input_file_ref idref="fl-d8"/>
      </object_component>
      <object_component id="oc-141">
         <name>.debug_info</name>
         <load_address>0x88c0</load_address>
         <run_address>0x88c0</run_address>
         <size>0x18a</size>
         <input_file_ref idref="fl-d8"/>
      </object_component>
      <object_component id="oc-189">
         <name>.debug_info</name>
         <load_address>0x8a4a</load_address>
         <run_address>0x8a4a</run_address>
         <size>0x2c</size>
         <input_file_ref idref="fl-d8"/>
      </object_component>
      <object_component id="oc-198">
         <name>.debug_info</name>
         <load_address>0x8a76</load_address>
         <run_address>0x8a76</run_address>
         <size>0x316</size>
         <input_file_ref idref="fl-d9"/>
      </object_component>
      <object_component id="oc-146">
         <name>.debug_info</name>
         <load_address>0x8d8c</load_address>
         <run_address>0x8d8c</run_address>
         <size>0x1d5</size>
         <input_file_ref idref="fl-d9"/>
      </object_component>
      <object_component id="oc-bc">
         <name>.debug_info</name>
         <load_address>0x8f61</load_address>
         <run_address>0x8f61</run_address>
         <size>0x145</size>
         <input_file_ref idref="fl-da"/>
      </object_component>
      <object_component id="oc-19a">
         <name>.debug_info</name>
         <load_address>0x90a6</load_address>
         <run_address>0x90a6</run_address>
         <size>0x28f</size>
         <input_file_ref idref="fl-db"/>
      </object_component>
      <object_component id="oc-14c">
         <name>.debug_info</name>
         <load_address>0x9335</load_address>
         <run_address>0x9335</run_address>
         <size>0x244</size>
         <input_file_ref idref="fl-db"/>
      </object_component>
      <object_component id="oc-110">
         <name>.debug_info</name>
         <load_address>0x9579</load_address>
         <run_address>0x9579</run_address>
         <size>0x17d</size>
         <input_file_ref idref="fl-dc"/>
      </object_component>
      <object_component id="oc-195">
         <name>.debug_info</name>
         <load_address>0x96f6</load_address>
         <run_address>0x96f6</run_address>
         <size>0xf3</size>
         <input_file_ref idref="fl-dd"/>
      </object_component>
      <object_component id="oc-18f">
         <name>.debug_info</name>
         <load_address>0x97e9</load_address>
         <run_address>0x97e9</run_address>
         <size>0x156</size>
         <input_file_ref idref="fl-de"/>
      </object_component>
      <object_component id="oc-1e1">
         <name>.debug_info</name>
         <load_address>0x993f</load_address>
         <run_address>0x993f</run_address>
         <size>0xa1</size>
      </object_component>
      <object_component id="oc-df">
         <name>.debug_line</name>
         <load_address>0x0</load_address>
         <run_address>0x0</run_address>
         <size>0xbb</size>
         <input_file_ref idref="fl-2"/>
      </object_component>
      <object_component id="oc-e6">
         <name>.debug_line</name>
         <load_address>0xbb</load_address>
         <run_address>0xbb</run_address>
         <size>0x32</size>
         <input_file_ref idref="fl-2"/>
      </object_component>
      <object_component id="oc-35">
         <name>.debug_line</name>
         <load_address>0xed</load_address>
         <run_address>0xed</run_address>
         <size>0x1c3</size>
         <input_file_ref idref="fl-2"/>
      </object_component>
      <object_component id="oc-e3">
         <name>.debug_line</name>
         <load_address>0x2b0</load_address>
         <run_address>0x2b0</run_address>
         <size>0x64</size>
         <input_file_ref idref="fl-2"/>
      </object_component>
      <object_component id="oc-43">
         <name>.debug_line</name>
         <load_address>0x314</load_address>
         <run_address>0x314</run_address>
         <size>0x20</size>
         <input_file_ref idref="fl-2"/>
      </object_component>
      <object_component id="oc-9a">
         <name>.debug_line</name>
         <load_address>0x334</load_address>
         <run_address>0x334</run_address>
         <size>0x65</size>
         <input_file_ref idref="fl-2"/>
      </object_component>
      <object_component id="oc-dc">
         <name>.debug_line</name>
         <load_address>0x399</load_address>
         <run_address>0x399</run_address>
         <size>0x65</size>
         <input_file_ref idref="fl-2"/>
      </object_component>
      <object_component id="oc-96">
         <name>.debug_line</name>
         <load_address>0x3fe</load_address>
         <run_address>0x3fe</run_address>
         <size>0x41</size>
         <input_file_ref idref="fl-3"/>
      </object_component>
      <object_component id="oc-38">
         <name>.debug_line</name>
         <load_address>0x43f</load_address>
         <run_address>0x43f</run_address>
         <size>0x41</size>
         <input_file_ref idref="fl-3"/>
      </object_component>
      <object_component id="oc-2f">
         <name>.debug_line</name>
         <load_address>0x480</load_address>
         <run_address>0x480</run_address>
         <size>0xa1</size>
         <input_file_ref idref="fl-3"/>
      </object_component>
      <object_component id="oc-28">
         <name>.debug_line</name>
         <load_address>0x521</load_address>
         <run_address>0x521</run_address>
         <size>0x53</size>
         <input_file_ref idref="fl-bd"/>
      </object_component>
      <object_component id="oc-e8">
         <name>.debug_line</name>
         <load_address>0x574</load_address>
         <run_address>0x574</run_address>
         <size>0x20</size>
         <input_file_ref idref="fl-be"/>
      </object_component>
      <object_component id="oc-16">
         <name>.debug_line</name>
         <load_address>0x594</load_address>
         <run_address>0x594</run_address>
         <size>0xa9</size>
         <input_file_ref idref="fl-be"/>
      </object_component>
      <object_component id="oc-3e">
         <name>.debug_line</name>
         <load_address>0x63d</load_address>
         <run_address>0x63d</run_address>
         <size>0x3a</size>
         <input_file_ref idref="fl-be"/>
      </object_component>
      <object_component id="oc-9f">
         <name>.debug_line</name>
         <load_address>0x677</load_address>
         <run_address>0x677</run_address>
         <size>0x8a</size>
         <input_file_ref idref="fl-be"/>
      </object_component>
      <object_component id="oc-a9">
         <name>.debug_line</name>
         <load_address>0x701</load_address>
         <run_address>0x701</run_address>
         <size>0x8a</size>
         <input_file_ref idref="fl-bf"/>
      </object_component>
      <object_component id="oc-1d">
         <name>.debug_line</name>
         <load_address>0x78b</load_address>
         <run_address>0x78b</run_address>
         <size>0x55</size>
         <input_file_ref idref="fl-bf"/>
      </object_component>
      <object_component id="oc-4e">
         <name>.debug_line</name>
         <load_address>0x7e0</load_address>
         <run_address>0x7e0</run_address>
         <size>0x3a</size>
         <input_file_ref idref="fl-bf"/>
      </object_component>
      <object_component id="oc-a6">
         <name>.debug_line</name>
         <load_address>0x81a</load_address>
         <run_address>0x81a</run_address>
         <size>0x8a</size>
         <input_file_ref idref="fl-bf"/>
      </object_component>
      <object_component id="oc-b1">
         <name>.debug_line</name>
         <load_address>0x8a4</load_address>
         <run_address>0x8a4</run_address>
         <size>0x8a</size>
         <input_file_ref idref="fl-c0"/>
      </object_component>
      <object_component id="oc-23">
         <name>.debug_line</name>
         <load_address>0x92e</load_address>
         <run_address>0x92e</run_address>
         <size>0x4f</size>
         <input_file_ref idref="fl-c0"/>
      </object_component>
      <object_component id="oc-5a">
         <name>.debug_line</name>
         <load_address>0x97d</load_address>
         <run_address>0x97d</run_address>
         <size>0x34</size>
         <input_file_ref idref="fl-c0"/>
      </object_component>
      <object_component id="oc-ae">
         <name>.debug_line</name>
         <load_address>0x9b1</load_address>
         <run_address>0x9b1</run_address>
         <size>0x8a</size>
         <input_file_ref idref="fl-c0"/>
      </object_component>
      <object_component id="oc-10c">
         <name>.debug_line</name>
         <load_address>0xa3b</load_address>
         <run_address>0xa3b</run_address>
         <size>0xf2</size>
         <input_file_ref idref="fl-c1"/>
      </object_component>
      <object_component id="oc-100">
         <name>.debug_line</name>
         <load_address>0xb2d</load_address>
         <run_address>0xb2d</run_address>
         <size>0x2a</size>
         <input_file_ref idref="fl-c1"/>
      </object_component>
      <object_component id="oc-7a">
         <name>.debug_line</name>
         <load_address>0xb57</load_address>
         <run_address>0xb57</run_address>
         <size>0x86</size>
         <input_file_ref idref="fl-c1"/>
      </object_component>
      <object_component id="oc-46">
         <name>.debug_line</name>
         <load_address>0xbdd</load_address>
         <run_address>0xbdd</run_address>
         <size>0x88</size>
         <input_file_ref idref="fl-c2"/>
      </object_component>
      <object_component id="oc-55">
         <name>.debug_line</name>
         <load_address>0xc65</load_address>
         <run_address>0xc65</run_address>
         <size>0x79</size>
         <input_file_ref idref="fl-c3"/>
      </object_component>
      <object_component id="oc-5f">
         <name>.debug_line</name>
         <load_address>0xcde</load_address>
         <run_address>0xcde</run_address>
         <size>0x3d</size>
         <input_file_ref idref="fl-c4"/>
      </object_component>
      <object_component id="oc-68">
         <name>.debug_line</name>
         <load_address>0xd1b</load_address>
         <run_address>0xd1b</run_address>
         <size>0x40</size>
         <input_file_ref idref="fl-c5"/>
      </object_component>
      <object_component id="oc-16d">
         <name>.debug_line</name>
         <load_address>0xd5b</load_address>
         <run_address>0xd5b</run_address>
         <size>0x97</size>
         <input_file_ref idref="fl-c6"/>
      </object_component>
      <object_component id="oc-8a">
         <name>.debug_line</name>
         <load_address>0xdf2</load_address>
         <run_address>0xdf2</run_address>
         <size>0x83</size>
         <input_file_ref idref="fl-c6"/>
      </object_component>
      <object_component id="oc-16a">
         <name>.debug_line</name>
         <load_address>0xe75</load_address>
         <run_address>0xe75</run_address>
         <size>0x89</size>
         <input_file_ref idref="fl-c6"/>
      </object_component>
      <object_component id="oc-ce">
         <name>.debug_line</name>
         <load_address>0xefe</load_address>
         <run_address>0xefe</run_address>
         <size>0x33</size>
         <input_file_ref idref="fl-c7"/>
      </object_component>
      <object_component id="oc-10e">
         <name>.debug_line</name>
         <load_address>0xf31</load_address>
         <run_address>0xf31</run_address>
         <size>0x20</size>
         <input_file_ref idref="fl-c8"/>
      </object_component>
      <object_component id="oc-84">
         <name>.debug_line</name>
         <load_address>0xf51</load_address>
         <run_address>0xf51</run_address>
         <size>0xaa</size>
         <input_file_ref idref="fl-c8"/>
      </object_component>
      <object_component id="oc-17c">
         <name>.debug_line</name>
         <load_address>0xffb</load_address>
         <run_address>0xffb</run_address>
         <size>0x20</size>
         <input_file_ref idref="fl-c9"/>
      </object_component>
      <object_component id="oc-108">
         <name>.debug_line</name>
         <load_address>0x101b</load_address>
         <run_address>0x101b</run_address>
         <size>0x2b</size>
         <input_file_ref idref="fl-c9"/>
      </object_component>
      <object_component id="oc-106">
         <name>.debug_line</name>
         <load_address>0x1046</load_address>
         <run_address>0x1046</run_address>
         <size>0x68</size>
         <input_file_ref idref="fl-c9"/>
      </object_component>
      <object_component id="oc-1a3">
         <name>.debug_line</name>
         <load_address>0x10ae</load_address>
         <run_address>0x10ae</run_address>
         <size>0x16a</size>
         <input_file_ref idref="fl-ca"/>
      </object_component>
      <object_component id="oc-d5">
         <name>.debug_line</name>
         <load_address>0x1218</load_address>
         <run_address>0x1218</run_address>
         <size>0xc3e</size>
         <input_file_ref idref="fl-ca"/>
      </object_component>
      <object_component id="oc-160">
         <name>.debug_line</name>
         <load_address>0x1e56</load_address>
         <run_address>0x1e56</run_address>
         <size>0x8a</size>
         <input_file_ref idref="fl-ca"/>
      </object_component>
      <object_component id="oc-1a7">
         <name>.debug_line</name>
         <load_address>0x1ee0</load_address>
         <run_address>0x1ee0</run_address>
         <size>0x8a</size>
         <input_file_ref idref="fl-ca"/>
      </object_component>
      <object_component id="oc-165">
         <name>.debug_line</name>
         <load_address>0x1f6a</load_address>
         <run_address>0x1f6a</run_address>
         <size>0x2e</size>
         <input_file_ref idref="fl-ca"/>
      </object_component>
      <object_component id="oc-f9">
         <name>.debug_line</name>
         <load_address>0x1f98</load_address>
         <run_address>0x1f98</run_address>
         <size>0x2b</size>
         <input_file_ref idref="fl-cb"/>
      </object_component>
      <object_component id="oc-71">
         <name>.debug_line</name>
         <load_address>0x1fc3</load_address>
         <run_address>0x1fc3</run_address>
         <size>0x4a</size>
         <input_file_ref idref="fl-cb"/>
      </object_component>
      <object_component id="oc-fd">
         <name>.debug_line</name>
         <load_address>0x200d</load_address>
         <run_address>0x200d</run_address>
         <size>0x2b</size>
         <input_file_ref idref="fl-cb"/>
      </object_component>
      <object_component id="oc-1b8">
         <name>.debug_line</name>
         <load_address>0x2038</load_address>
         <run_address>0x2038</run_address>
         <size>0x89</size>
         <input_file_ref idref="fl-cc"/>
      </object_component>
      <object_component id="oc-154">
         <name>.debug_line</name>
         <load_address>0x20c1</load_address>
         <run_address>0x20c1</run_address>
         <size>0x63</size>
         <input_file_ref idref="fl-cc"/>
      </object_component>
      <object_component id="oc-ed">
         <name>.debug_line</name>
         <load_address>0x2124</load_address>
         <run_address>0x2124</run_address>
         <size>0xa9</size>
         <input_file_ref idref="fl-cd"/>
      </object_component>
      <object_component id="oc-6b">
         <name>.debug_line</name>
         <load_address>0x21cd</load_address>
         <run_address>0x21cd</run_address>
         <size>0x8b</size>
         <input_file_ref idref="fl-cd"/>
      </object_component>
      <object_component id="oc-f1">
         <name>.debug_line</name>
         <load_address>0x2258</load_address>
         <run_address>0x2258</run_address>
         <size>0x2e</size>
         <input_file_ref idref="fl-cd"/>
      </object_component>
      <object_component id="oc-178">
         <name>.debug_line</name>
         <load_address>0x2286</load_address>
         <run_address>0x2286</run_address>
         <size>0x8a</size>
         <input_file_ref idref="fl-cd"/>
      </object_component>
      <object_component id="oc-f6">
         <name>.debug_line</name>
         <load_address>0x2310</load_address>
         <run_address>0x2310</run_address>
         <size>0x8b</size>
         <input_file_ref idref="fl-cd"/>
      </object_component>
      <object_component id="oc-16f">
         <name>.debug_line</name>
         <load_address>0x239b</load_address>
         <run_address>0x239b</run_address>
         <size>0x98</size>
         <input_file_ref idref="fl-ce"/>
      </object_component>
      <object_component id="oc-b8">
         <name>.debug_line</name>
         <load_address>0x2433</load_address>
         <run_address>0x2433</run_address>
         <size>0x68</size>
         <input_file_ref idref="fl-ce"/>
      </object_component>
      <object_component id="oc-173">
         <name>.debug_line</name>
         <load_address>0x249b</load_address>
         <run_address>0x249b</run_address>
         <size>0x2e</size>
         <input_file_ref idref="fl-ce"/>
      </object_component>
      <object_component id="oc-1bc">
         <name>.debug_line</name>
         <load_address>0x24c9</load_address>
         <run_address>0x24c9</run_address>
         <size>0x20</size>
         <input_file_ref idref="fl-cf"/>
      </object_component>
      <object_component id="oc-1b5">
         <name>.debug_line</name>
         <load_address>0x24e9</load_address>
         <run_address>0x24e9</run_address>
         <size>0x2b</size>
         <input_file_ref idref="fl-cf"/>
      </object_component>
      <object_component id="oc-13c">
         <name>.debug_line</name>
         <load_address>0x2514</load_address>
         <run_address>0x2514</run_address>
         <size>0xd2</size>
         <input_file_ref idref="fl-d0"/>
      </object_component>
      <object_component id="oc-118">
         <name>.debug_line</name>
         <load_address>0x25e6</load_address>
         <run_address>0x25e6</run_address>
         <size>0x77</size>
         <input_file_ref idref="fl-d1"/>
      </object_component>
      <object_component id="oc-127">
         <name>.debug_line</name>
         <load_address>0x265d</load_address>
         <run_address>0x265d</run_address>
         <size>0x77</size>
         <input_file_ref idref="fl-d1"/>
      </object_component>
      <object_component id="oc-122">
         <name>.debug_line</name>
         <load_address>0x26d4</load_address>
         <run_address>0x26d4</run_address>
         <size>0xa8</size>
         <input_file_ref idref="fl-d2"/>
      </object_component>
      <object_component id="oc-11d">
         <name>.debug_line</name>
         <load_address>0x277c</load_address>
         <run_address>0x277c</run_address>
         <size>0x8e</size>
         <input_file_ref idref="fl-d3"/>
      </object_component>
      <object_component id="oc-12c">
         <name>.debug_line</name>
         <load_address>0x280a</load_address>
         <run_address>0x280a</run_address>
         <size>0x5a</size>
         <input_file_ref idref="fl-d4"/>
      </object_component>
      <object_component id="oc-137">
         <name>.debug_line</name>
         <load_address>0x2864</load_address>
         <run_address>0x2864</run_address>
         <size>0x50</size>
         <input_file_ref idref="fl-d5"/>
      </object_component>
      <object_component id="oc-1aa">
         <name>.debug_line</name>
         <load_address>0x28b4</load_address>
         <run_address>0x28b4</run_address>
         <size>0x8a</size>
         <input_file_ref idref="fl-d6"/>
      </object_component>
      <object_component id="oc-12e">
         <name>.debug_line</name>
         <load_address>0x293e</load_address>
         <run_address>0x293e</run_address>
         <size>0x66</size>
         <input_file_ref idref="fl-d6"/>
      </object_component>
      <object_component id="oc-1ba">
         <name>.debug_line</name>
         <load_address>0x29a4</load_address>
         <run_address>0x29a4</run_address>
         <size>0x20</size>
         <input_file_ref idref="fl-d7"/>
      </object_component>
      <object_component id="oc-159">
         <name>.debug_line</name>
         <load_address>0x29c4</load_address>
         <run_address>0x29c4</run_address>
         <size>0x48</size>
         <input_file_ref idref="fl-d7"/>
      </object_component>
      <object_component id="oc-1ac">
         <name>.debug_line</name>
         <load_address>0x2a0c</load_address>
         <run_address>0x2a0c</run_address>
         <size>0x20</size>
         <input_file_ref idref="fl-d8"/>
      </object_component>
      <object_component id="oc-13e">
         <name>.debug_line</name>
         <load_address>0x2a2c</load_address>
         <run_address>0x2a2c</run_address>
         <size>0x5e</size>
         <input_file_ref idref="fl-d8"/>
      </object_component>
      <object_component id="oc-18c">
         <name>.debug_line</name>
         <load_address>0x2a8a</load_address>
         <run_address>0x2a8a</run_address>
         <size>0x8a</size>
         <input_file_ref idref="fl-d8"/>
      </object_component>
      <object_component id="oc-1b1">
         <name>.debug_line</name>
         <load_address>0x2b14</load_address>
         <run_address>0x2b14</run_address>
         <size>0x93</size>
         <input_file_ref idref="fl-d9"/>
      </object_component>
      <object_component id="oc-145">
         <name>.debug_line</name>
         <load_address>0x2ba7</load_address>
         <run_address>0x2ba7</run_address>
         <size>0xa1</size>
         <input_file_ref idref="fl-d9"/>
      </object_component>
      <object_component id="oc-bf">
         <name>.debug_line</name>
         <load_address>0x2c48</load_address>
         <run_address>0x2c48</run_address>
         <size>0x3c</size>
         <input_file_ref idref="fl-da"/>
      </object_component>
      <object_component id="oc-1b3">
         <name>.debug_line</name>
         <load_address>0x2c84</load_address>
         <run_address>0x2c84</run_address>
         <size>0x20</size>
         <input_file_ref idref="fl-db"/>
      </object_component>
      <object_component id="oc-14e">
         <name>.debug_line</name>
         <load_address>0x2ca4</load_address>
         <run_address>0x2ca4</run_address>
         <size>0xa8</size>
         <input_file_ref idref="fl-db"/>
      </object_component>
      <object_component id="oc-113">
         <name>.debug_line</name>
         <load_address>0x2d4c</load_address>
         <run_address>0x2d4c</run_address>
         <size>0x118</size>
         <input_file_ref idref="fl-dc"/>
      </object_component>
      <object_component id="oc-1af">
         <name>.debug_line</name>
         <load_address>0x2e64</load_address>
         <run_address>0x2e64</run_address>
         <size>0x2b</size>
         <input_file_ref idref="fl-dd"/>
      </object_component>
      <object_component id="oc-192">
         <name>.debug_line</name>
         <load_address>0x2e8f</load_address>
         <run_address>0x2e8f</run_address>
         <size>0x45</size>
         <input_file_ref idref="fl-de"/>
      </object_component>
      <object_component id="oc-36">
         <name>.debug_frame</name>
         <load_address>0x0</load_address>
         <run_address>0x0</run_address>
         <size>0x114</size>
         <input_file_ref idref="fl-2"/>
      </object_component>
      <object_component id="oc-30">
         <name>.debug_frame</name>
         <load_address>0x114</load_address>
         <run_address>0x114</run_address>
         <size>0x90</size>
         <input_file_ref idref="fl-3"/>
      </object_component>
      <object_component id="oc-17">
         <name>.debug_frame</name>
         <load_address>0x1a4</load_address>
         <run_address>0x1a4</run_address>
         <size>0x60</size>
         <input_file_ref idref="fl-be"/>
      </object_component>
      <object_component id="oc-1a">
         <name>.debug_frame</name>
         <load_address>0x204</load_address>
         <run_address>0x204</run_address>
         <size>0x54</size>
         <input_file_ref idref="fl-bf"/>
      </object_component>
      <object_component id="oc-22">
         <name>.debug_frame</name>
         <load_address>0x258</load_address>
         <run_address>0x258</run_address>
         <size>0x54</size>
         <input_file_ref idref="fl-c0"/>
      </object_component>
      <object_component id="oc-79">
         <name>.debug_frame</name>
         <load_address>0x2ac</load_address>
         <run_address>0x2ac</run_address>
         <size>0x88</size>
         <input_file_ref idref="fl-c1"/>
      </object_component>
      <object_component id="oc-5e">
         <name>.debug_frame</name>
         <load_address>0x334</load_address>
         <run_address>0x334</run_address>
         <size>0x54</size>
         <input_file_ref idref="fl-c4"/>
      </object_component>
      <object_component id="oc-67">
         <name>.debug_frame</name>
         <load_address>0x388</load_address>
         <run_address>0x388</run_address>
         <size>0x54</size>
         <input_file_ref idref="fl-c5"/>
      </object_component>
      <object_component id="oc-8b">
         <name>.debug_frame</name>
         <load_address>0x3dc</load_address>
         <run_address>0x3dc</run_address>
         <size>0xa0</size>
         <input_file_ref idref="fl-c6"/>
      </object_component>
      <object_component id="oc-85">
         <name>.debug_frame</name>
         <load_address>0x47c</load_address>
         <run_address>0x47c</run_address>
         <size>0x54</size>
         <input_file_ref idref="fl-c8"/>
      </object_component>
      <object_component id="oc-105">
         <name>.debug_frame</name>
         <load_address>0x4d0</load_address>
         <run_address>0x4d0</run_address>
         <size>0x7c</size>
         <input_file_ref idref="fl-c9"/>
      </object_component>
      <object_component id="oc-d6">
         <name>.debug_frame</name>
         <load_address>0x54c</load_address>
         <run_address>0x54c</run_address>
         <size>0x1ec</size>
         <input_file_ref idref="fl-ca"/>
      </object_component>
      <object_component id="oc-70">
         <name>.debug_frame</name>
         <load_address>0x738</load_address>
         <run_address>0x738</run_address>
         <size>0x54</size>
         <input_file_ref idref="fl-cb"/>
      </object_component>
      <object_component id="oc-151">
         <name>.debug_frame</name>
         <load_address>0x78c</load_address>
         <run_address>0x78c</run_address>
         <size>0x5c</size>
         <input_file_ref idref="fl-cc"/>
      </object_component>
      <object_component id="oc-6e">
         <name>.debug_frame</name>
         <load_address>0x7e8</load_address>
         <run_address>0x7e8</run_address>
         <size>0x5c</size>
         <input_file_ref idref="fl-cd"/>
      </object_component>
      <object_component id="oc-b9">
         <name>.debug_frame</name>
         <load_address>0x844</load_address>
         <run_address>0x844</run_address>
         <size>0x60</size>
         <input_file_ref idref="fl-ce"/>
      </object_component>
      <object_component id="oc-132">
         <name>.debug_frame</name>
         <load_address>0x8a4</load_address>
         <run_address>0x8a4</run_address>
         <size>0x60</size>
         <input_file_ref idref="fl-d6"/>
      </object_component>
      <object_component id="oc-15a">
         <name>.debug_frame</name>
         <load_address>0x904</load_address>
         <run_address>0x904</run_address>
         <size>0x58</size>
         <input_file_ref idref="fl-d7"/>
      </object_component>
      <object_component id="oc-140">
         <name>.debug_frame</name>
         <load_address>0x95c</load_address>
         <run_address>0x95c</run_address>
         <size>0x5c</size>
         <input_file_ref idref="fl-d8"/>
      </object_component>
      <object_component id="oc-144">
         <name>.debug_frame</name>
         <load_address>0x9b8</load_address>
         <run_address>0x9b8</run_address>
         <size>0x60</size>
         <input_file_ref idref="fl-d9"/>
      </object_component>
      <object_component id="oc-bb">
         <name>.debug_frame</name>
         <load_address>0xa18</load_address>
         <run_address>0xa18</run_address>
         <size>0x54</size>
         <input_file_ref idref="fl-da"/>
      </object_component>
      <object_component id="oc-14a">
         <name>.debug_frame</name>
         <load_address>0xa6c</load_address>
         <run_address>0xa6c</run_address>
         <size>0x54</size>
         <input_file_ref idref="fl-db"/>
      </object_component>
      <object_component id="oc-193">
         <name>.debug_frame</name>
         <load_address>0xac0</load_address>
         <run_address>0xac0</run_address>
         <size>0x54</size>
         <input_file_ref idref="fl-de"/>
      </object_component>
      <object_component id="oc-de">
         <name>.debug_abbrev</name>
         <load_address>0x0</load_address>
         <run_address>0x0</run_address>
         <size>0xad</size>
         <input_file_ref idref="fl-2"/>
      </object_component>
      <object_component id="oc-e5">
         <name>.debug_abbrev</name>
         <load_address>0xad</load_address>
         <run_address>0xad</run_address>
         <size>0x29</size>
         <input_file_ref idref="fl-2"/>
      </object_component>
      <object_component id="oc-94">
         <name>.debug_abbrev</name>
         <load_address>0xd6</load_address>
         <run_address>0xd6</run_address>
         <size>0xa9</size>
         <input_file_ref idref="fl-2"/>
      </object_component>
      <object_component id="oc-e2">
         <name>.debug_abbrev</name>
         <load_address>0x17f</load_address>
         <run_address>0x17f</run_address>
         <size>0x5a</size>
         <input_file_ref idref="fl-2"/>
      </object_component>
      <object_component id="oc-42">
         <name>.debug_abbrev</name>
         <load_address>0x1d9</load_address>
         <run_address>0x1d9</run_address>
         <size>0x1f</size>
         <input_file_ref idref="fl-2"/>
      </object_component>
      <object_component id="oc-99">
         <name>.debug_abbrev</name>
         <load_address>0x1f8</load_address>
         <run_address>0x1f8</run_address>
         <size>0x35</size>
         <input_file_ref idref="fl-2"/>
      </object_component>
      <object_component id="oc-db">
         <name>.debug_abbrev</name>
         <load_address>0x22d</load_address>
         <run_address>0x22d</run_address>
         <size>0x4b</size>
         <input_file_ref idref="fl-2"/>
      </object_component>
      <object_component id="oc-95">
         <name>.debug_abbrev</name>
         <load_address>0x278</load_address>
         <run_address>0x278</run_address>
         <size>0x73</size>
         <input_file_ref idref="fl-3"/>
      </object_component>
      <object_component id="oc-37">
         <name>.debug_abbrev</name>
         <load_address>0x2eb</load_address>
         <run_address>0x2eb</run_address>
         <size>0x29</size>
         <input_file_ref idref="fl-3"/>
      </object_component>
      <object_component id="oc-7f">
         <name>.debug_abbrev</name>
         <load_address>0x314</load_address>
         <run_address>0x314</run_address>
         <size>0x79</size>
         <input_file_ref idref="fl-3"/>
      </object_component>
      <object_component id="oc-7e">
         <name>.debug_abbrev</name>
         <load_address>0x38d</load_address>
         <run_address>0x38d</run_address>
         <size>0x3e</size>
         <input_file_ref idref="fl-bd"/>
      </object_component>
      <object_component id="oc-e7">
         <name>.debug_abbrev</name>
         <load_address>0x3cb</load_address>
         <run_address>0x3cb</run_address>
         <size>0x37</size>
         <input_file_ref idref="fl-be"/>
      </object_component>
      <object_component id="oc-3a">
         <name>.debug_abbrev</name>
         <load_address>0x402</load_address>
         <run_address>0x402</run_address>
         <size>0x6f</size>
         <input_file_ref idref="fl-be"/>
      </object_component>
      <object_component id="oc-3d">
         <name>.debug_abbrev</name>
         <load_address>0x471</load_address>
         <run_address>0x471</run_address>
         <size>0x24</size>
         <input_file_ref idref="fl-be"/>
      </object_component>
      <object_component id="oc-9e">
         <name>.debug_abbrev</name>
         <load_address>0x495</load_address>
         <run_address>0x495</run_address>
         <size>0x35</size>
         <input_file_ref idref="fl-be"/>
      </object_component>
      <object_component id="oc-a8">
         <name>.debug_abbrev</name>
         <load_address>0x4ca</load_address>
         <run_address>0x4ca</run_address>
         <size>0x5d</size>
         <input_file_ref idref="fl-bf"/>
      </object_component>
      <object_component id="oc-4a">
         <name>.debug_abbrev</name>
         <load_address>0x527</load_address>
         <run_address>0x527</run_address>
         <size>0x74</size>
         <input_file_ref idref="fl-bf"/>
      </object_component>
      <object_component id="oc-4d">
         <name>.debug_abbrev</name>
         <load_address>0x59b</load_address>
         <run_address>0x59b</run_address>
         <size>0x24</size>
         <input_file_ref idref="fl-bf"/>
      </object_component>
      <object_component id="oc-a5">
         <name>.debug_abbrev</name>
         <load_address>0x5bf</load_address>
         <run_address>0x5bf</run_address>
         <size>0x24</size>
         <input_file_ref idref="fl-bf"/>
      </object_component>
      <object_component id="oc-b0">
         <name>.debug_abbrev</name>
         <load_address>0x5e3</load_address>
         <run_address>0x5e3</run_address>
         <size>0x5d</size>
         <input_file_ref idref="fl-c0"/>
      </object_component>
      <object_component id="oc-56">
         <name>.debug_abbrev</name>
         <load_address>0x640</load_address>
         <run_address>0x640</run_address>
         <size>0x74</size>
         <input_file_ref idref="fl-c0"/>
      </object_component>
      <object_component id="oc-59">
         <name>.debug_abbrev</name>
         <load_address>0x6b4</load_address>
         <run_address>0x6b4</run_address>
         <size>0x24</size>
         <input_file_ref idref="fl-c0"/>
      </object_component>
      <object_component id="oc-ad">
         <name>.debug_abbrev</name>
         <load_address>0x6d8</load_address>
         <run_address>0x6d8</run_address>
         <size>0x24</size>
         <input_file_ref idref="fl-c0"/>
      </object_component>
      <object_component id="oc-10b">
         <name>.debug_abbrev</name>
         <load_address>0x6fc</load_address>
         <run_address>0x6fc</run_address>
         <size>0xb3</size>
         <input_file_ref idref="fl-c1"/>
      </object_component>
      <object_component id="oc-ff">
         <name>.debug_abbrev</name>
         <load_address>0x7af</load_address>
         <run_address>0x7af</run_address>
         <size>0x29</size>
         <input_file_ref idref="fl-c1"/>
      </object_component>
      <object_component id="oc-ca">
         <name>.debug_abbrev</name>
         <load_address>0x7d8</load_address>
         <run_address>0x7d8</run_address>
         <size>0xba</size>
         <input_file_ref idref="fl-c1"/>
      </object_component>
      <object_component id="oc-a2">
         <name>.debug_abbrev</name>
         <load_address>0x892</load_address>
         <run_address>0x892</run_address>
         <size>0x3e</size>
         <input_file_ref idref="fl-c2"/>
      </object_component>
      <object_component id="oc-aa">
         <name>.debug_abbrev</name>
         <load_address>0x8d0</load_address>
         <run_address>0x8d0</run_address>
         <size>0x4f</size>
         <input_file_ref idref="fl-c3"/>
      </object_component>
      <object_component id="oc-b2">
         <name>.debug_abbrev</name>
         <load_address>0x91f</load_address>
         <run_address>0x91f</run_address>
         <size>0x53</size>
         <input_file_ref idref="fl-c4"/>
      </object_component>
      <object_component id="oc-b3">
         <name>.debug_abbrev</name>
         <load_address>0x972</load_address>
         <run_address>0x972</run_address>
         <size>0x55</size>
         <input_file_ref idref="fl-c5"/>
      </object_component>
      <object_component id="oc-16c">
         <name>.debug_abbrev</name>
         <load_address>0x9c7</load_address>
         <run_address>0x9c7</run_address>
         <size>0x87</size>
         <input_file_ref idref="fl-c6"/>
      </object_component>
      <object_component id="oc-d7">
         <name>.debug_abbrev</name>
         <load_address>0xa4e</load_address>
         <run_address>0xa4e</run_address>
         <size>0xb4</size>
         <input_file_ref idref="fl-c6"/>
      </object_component>
      <object_component id="oc-169">
         <name>.debug_abbrev</name>
         <load_address>0xb02</load_address>
         <run_address>0xb02</run_address>
         <size>0x24</size>
         <input_file_ref idref="fl-c6"/>
      </object_component>
      <object_component id="oc-cd">
         <name>.debug_abbrev</name>
         <load_address>0xb26</load_address>
         <run_address>0xb26</run_address>
         <size>0x27</size>
         <input_file_ref idref="fl-c7"/>
      </object_component>
      <object_component id="oc-10d">
         <name>.debug_abbrev</name>
         <load_address>0xb4d</load_address>
         <run_address>0xb4d</run_address>
         <size>0x35</size>
         <input_file_ref idref="fl-c8"/>
      </object_component>
      <object_component id="oc-cf">
         <name>.debug_abbrev</name>
         <load_address>0xb82</load_address>
         <run_address>0xb82</run_address>
         <size>0x71</size>
         <input_file_ref idref="fl-c8"/>
      </object_component>
      <object_component id="oc-17b">
         <name>.debug_abbrev</name>
         <load_address>0xbf3</load_address>
         <run_address>0xbf3</run_address>
         <size>0x50</size>
         <input_file_ref idref="fl-c9"/>
      </object_component>
      <object_component id="oc-107">
         <name>.debug_abbrev</name>
         <load_address>0xc43</load_address>
         <run_address>0xc43</run_address>
         <size>0x29</size>
         <input_file_ref idref="fl-c9"/>
      </object_component>
      <object_component id="oc-17a">
         <name>.debug_abbrev</name>
         <load_address>0xc6c</load_address>
         <run_address>0xc6c</run_address>
         <size>0x6f</size>
         <input_file_ref idref="fl-c9"/>
      </object_component>
      <object_component id="oc-1a2">
         <name>.debug_abbrev</name>
         <load_address>0xcdb</load_address>
         <run_address>0xcdb</run_address>
         <size>0xd9</size>
         <input_file_ref idref="fl-ca"/>
      </object_component>
      <object_component id="oc-15b">
         <name>.debug_abbrev</name>
         <load_address>0xdb4</load_address>
         <run_address>0xdb4</run_address>
         <size>0x11a</size>
         <input_file_ref idref="fl-ca"/>
      </object_component>
      <object_component id="oc-15f">
         <name>.debug_abbrev</name>
         <load_address>0xece</load_address>
         <run_address>0xece</run_address>
         <size>0x49</size>
         <input_file_ref idref="fl-ca"/>
      </object_component>
      <object_component id="oc-1a6">
         <name>.debug_abbrev</name>
         <load_address>0xf17</load_address>
         <run_address>0xf17</run_address>
         <size>0x24</size>
         <input_file_ref idref="fl-ca"/>
      </object_component>
      <object_component id="oc-164">
         <name>.debug_abbrev</name>
         <load_address>0xf3b</load_address>
         <run_address>0xf3b</run_address>
         <size>0x24</size>
         <input_file_ref idref="fl-ca"/>
      </object_component>
      <object_component id="oc-f8">
         <name>.debug_abbrev</name>
         <load_address>0xf5f</load_address>
         <run_address>0xf5f</run_address>
         <size>0x99</size>
         <input_file_ref idref="fl-cb"/>
      </object_component>
      <object_component id="oc-c2">
         <name>.debug_abbrev</name>
         <load_address>0xff8</load_address>
         <run_address>0xff8</run_address>
         <size>0x68</size>
         <input_file_ref idref="fl-cb"/>
      </object_component>
      <object_component id="oc-fc">
         <name>.debug_abbrev</name>
[...]
         <name>.debug_pubtypes</name>
         <load_address>0x0</load_address>
         <run_address>0x0</run_address>
         <size>0x65e</size>
         <contents>
            <object_component_ref idref="oc-e1"/>
            <object_component_ref idref="oc-41"/>
            <object_component_ref idref="oc-98"/>
            <object_component_ref idref="oc-da"/>
            <object_component_ref idref="oc-3c"/>
            <object_component_ref idref="oc-9d"/>
            <object_component_ref idref="oc-4c"/>
            <object_component_ref idref="oc-a4"/>
            <object_component_ref idref="oc-58"/>
            <object_component_ref idref="oc-ac"/>
            <object_component_ref idref="oc-cc"/>
            <object_component_ref idref="oc-168"/>
            <object_component_ref idref="oc-10a"/>
            <object_component_ref idref="oc-15e"/>
            <object_component_ref idref="oc-1a5"/>
            <object_component_ref idref="oc-163"/>
            <object_component_ref idref="oc-fb"/>
            <object_component_ref idref="oc-ef"/>
            <object_component_ref idref="oc-176"/>
            <object_component_ref idref="oc-f4"/>
            <object_component_ref idref="oc-171"/>
            <object_component_ref idref="oc-18a"/>
         </contents>
      </logical_group>
      <load_segment id="lg-1e6" display="no" color="cyan">
         <name>SEGMENT_0</name>
         <load_address>0x0</load_address>
         <run_address>0x0</run_address>
         <size>0x2660</size>
         <flags>0x5</flags>
         <contents>
            <logical_group_ref idref="lg-3"/>
            <logical_group_ref idref="lg-4"/>
            <logical_group_ref idref="lg-5"/>
            <logical_group_ref idref="lg-6"/>
         </contents>
      </load_segment>
      <load_segment id="lg-1e7" display="no" color="cyan">
         <name>SEGMENT_1</name>
         <run_address>0x20000000</run_address>
         <size>0x836</size>
         <flags>0x6</flags>
         <contents>
            <logical_group_ref idref="lg-d"/>
            <logical_group_ref idref="lg-a"/>
            <logical_group_ref idref="lg-b"/>
         </contents>
      </load_segment>
   </logical_group_list>
   <placement_map>
      <memory_area display="yes" color="green">
         <name>FLASH</name>
         <page_id>0x0</page_id>
         <origin>0x0</origin>
         <length>0x40000</length>
         <used_space>0x265b</used_space>
         <unused_space>0x3d9a5</unused_space>
         <attributes>RX</attributes>
         <usage_details>
            <allocated_space>
               <start_address>0x0</start_address>
               <size>0x26c</size>
               <logical_group_ref idref="lg-3"/>
            </allocated_space>
            <allocated_space>
               <start_address>0x26c</start_address>
               <size>0x22ae</size>
               <logical_group_ref idref="lg-4"/>
            </allocated_space>
            <allocated_space>
               <start_address>0x251a</start_address>
               <size>0x101</size>
               <logical_group_ref idref="lg-5"/>
            </allocated_space>
            <available_space>
               <start_address>0x261b</start_address>
               <size>0x5</size>
            </available_space>
            <allocated_space>
               <start_address>0x2620</start_address>
               <size>0x40</size>
               <logical_group_ref idref="lg-6"/>
            </allocated_space>
            <available_space>
               <start_address>0x2660</start_address>
               <size>0x3d9a0</size>
            </available_space>
         </usage_details>
      </memory_area>
      <memory_area display="yes" color="green">
         <name>SRAM</name>
         <page_id>0x0</page_id>
         <origin>0x20000000</origin>
         <length>0x8000</length>
         <used_space>0x836</used_space>
         <unused_space>0x77ca</unused_space>
         <attributes>RWX</attributes>
         <usage_details>
            <allocated_space>
               <start_address>0x20000000</start_address>
               <size>0x800</size>
               <logical_group_ref idref="lg-d"/>
            </allocated_space>
            <allocated_space>
               <start_address>0x20000800</start_address>
               <size>0x28</size>
               <logical_group_ref idref="lg-a"/>
            </allocated_space>
            <allocated_space>
               <start_address>0x20000828</start_address>
               <size>0xe</size>
               <logical_group_ref idref="lg-b"/>
            </allocated_space>
            <available_space>
               <start_address>0x20000836</start_address>
               <size>0x77ca</size>
            </available_space>
         </usage_details>
      </memory_area>
   </placement_map>
   <cptbl_list>
      <cptbl>
         <name>__TI_cinit_table</name>
         <cprec>
            <name>.data</name>
            <load_address>0x2620</load_address>
            <load_size>0x1a</load_size>
            <run_address>0x20000800</run_address>
            <run_size>0x28</run_size>
            <compression>lzss</compression>
         </cprec>
         <cprec>
            <name>.bss</name>
            <load_address>0x2648</load_address>
            <load_size>0x8</load_size>
            <run_address>0x20000828</run_address>
            <run_size>0xe</run_size>
            <compression>zero_init</compression>
         </cprec>
      </cptbl>
   </cptbl_list>
   <handler_table>
      <handler_table_name>__TI_handler_table</handler_table_name>
      <handler>
         <index>0x0</index>
         <name>__TI_decompress_lzss</name>
      </handler>
      <handler>
         <index>0x1</index>
         <name>__TI_decompress_none</name>
      </handler>
      <handler>
         <index>0x2</index>
         <name>__TI_zero_init</name>
      </handler>
   </handler_table>
   <symbol_table>
      <symbol id="sm-1">
         <name>__STACK_TOP</name>
         <value>0x20000200</value>
      </symbol>
      <symbol id="sm-2">
         <name>__TI_CINIT_Base</name>
         <value>0x2650</value>
      </symbol>
      <symbol id="sm-3">
         <name>__TI_CINIT_Limit</name>
         <value>0x2660</value>
      </symbol>
      <symbol id="sm-4">
         <name>__TI_Handler_Table_Base</name>
         <value>0x263c</value>
      </symbol>
      <symbol id="sm-5">
         <name>__TI_Handler_Table_Limit</name>
         <value>0x2648</value>
      </symbol>
      <symbol id="sm-6">
         <name>binit</name>
         <value>0xffffffff</value>
      </symbol>
      <symbol id="sm-7">
         <name>__binit__</name>
         <value>0xffffffff</value>
      </symbol>
      <symbol id="sm-8">
         <name>__STACK_SIZE</name>
         <value>0x800</value>
      </symbol>
      <symbol id="sm-9">
         <name>__STACK_END</name>
         <value>0x20000800</value>
      </symbol>
      <symbol id="sm-a">
         <name>__c_args__</name>
         <value>0xffffffff</value>
      </symbol>
      <symbol id="sm-b">
         <name>__TI_pprof_out_hndl</name>
         <value>0xffffffff</value>
      </symbol>
      <symbol id="sm-c">
         <name>__TI_prof_data_start</name>
         <value>0xffffffff</value>
      </symbol>
      <symbol id="sm-d">
         <name>__TI_prof_data_size</name>
         <value>0xffffffff</value>
      </symbol>
      <symbol id="sm-a6">
         <name>rxChar</name>
         <value>0x20000834</value>
      </symbol>
      <symbol id="sm-a7">
         <name>txChar</name>
         <value>0x20000835</value>
      </symbol>
      <symbol id="sm-a8">
         <name>countstr</name>
         <value>0x20000828</value>
      </symbol>
      <symbol id="sm-a9">
         <name>writeCharToUart0</name>
         <value>0x13ad</value>
         <object_component_ref idref="oc-31"/>
      </symbol>
      <symbol id="sm-aa">
         <name>writeCharToUart3</name>
         <value>0x13f1</value>
         <object_component_ref idref="oc-31"/>
      </symbol>
      <symbol id="sm-ab">
         <name>Uart2InterruptIsr</name>
         <value>0x1435</value>
         <object_component_ref idref="oc-31"/>
      </symbol>
      <symbol id="sm-ac">
         <name>Timer0InterruptIsr</name>
         <value>0x151d</value>
         <object_component_ref idref="oc-31"/>
      </symbol>
      <symbol id="sm-ad">
         <name>i</name>
         <value>0x20000814</value>
         <object_component_ref idref="oc-90"/>
      </symbol>
      <symbol id="sm-ae">
         <name>main</name>
         <value>0x16cd</value>
         <object_component_ref idref="oc-31"/>
      </symbol>
      <symbol id="sm-af">
         <name>index</name>
         <value>0x20000810</value>
         <object_component_ref idref="oc-90"/>
      </symbol>
      <symbol id="sm-b0">
         <name>setUp</name>
         <value>0x1563</value>
         <object_component_ref idref="oc-31"/>
      </symbol>
      <symbol id="sm-b1">
         <name>timeron</name>
         <value>0x2000080c</value>
         <object_component_ref idref="oc-90"/>
      </symbol>
      <symbol id="sm-b2">
         <name>Uart3InterruptIsr</name>
         <value>0x150d</value>
         <object_component_ref idref="oc-31"/>
      </symbol>
      <symbol id="sm-b3">
         <name>count</name>
         <value>0x2000080e</value>
         <object_component_ref idref="oc-90"/>
      </symbol>
      <symbol id="sm-b4">
         <name>writeStringToUart0</name>
         <value>0x13c9</value>
         <object_component_ref idref="oc-31"/>
      </symbol>
      <symbol id="sm-b5">
         <name>writeStringToUart3</name>
         <value>0x140d</value>
         <object_component_ref idref="oc-31"/>
      </symbol>
      <symbol id="sm-d1">
         <name>ResetISR</name>
         <value>0x250b</value>
         <object_component_ref idref="oc-2b"/>
      </symbol>
      <symbol id="sm-d2">
         <name>g_pfnVectors</name>
         <value>0x0</value>
         <object_component_ref idref="oc-f"/>
      </symbol>
      <symbol id="sm-e3">
         <name>_c_int00</name>
         <value>0x225d</value>
         <object_component_ref idref="oc-24"/>
      </symbol>
      <symbol id="sm-e4">
         <name>__stack</name>
         <value>0x20000000</value>
         <object_component_ref idref="oc-2a"/>
      </symbol>
      <symbol id="sm-102">
         <name>__TI_decompress_lzss</name>
         <value>0x2131</value>
         <object_component_ref idref="oc-12"/>
      </symbol>
      <symbol id="sm-119">
         <name>__TI_decompress_none</name>
         <value>0x24f1</value>
         <object_component_ref idref="oc-18"/>
      </symbol>
      <symbol id="sm-130">
         <name>__TI_zero_init</name>
         <value>0x24ff</value>
         <object_component_ref idref="oc-1e"/>
      </symbol>
      <symbol id="sm-151">
         <name>C$$EXIT</name>
         <value>0x22b1</value>
         <object_component_ref idref="oc-75"/>
      </symbol>
      <symbol id="sm-152">
         <name>abort</name>
         <value>0x22b5</value>
         <object_component_ref idref="oc-75"/>
      </symbol>
      <symbol id="sm-153">
         <name>exit</name>
         <value>0x22bd</value>
         <object_component_ref idref="oc-75"/>
      </symbol>
      <symbol id="sm-154">
         <name>__TI_dtors_ptr</name>
         <value>0x20000804</value>
         <object_component_ref idref="oc-c4"/>
      </symbol>
      <symbol id="sm-155">
         <name>__TI_cleanup_ptr</name>
         <value>0x20000800</value>
         <object_component_ref idref="oc-c4"/>
      </symbol>
      <symbol id="sm-156">
         <name>__TI_enable_exit_profile_output</name>
         <value>0x20000808</value>
         <object_component_ref idref="oc-c4"/>
      </symbol>
      <symbol id="sm-171">
         <name>memcpy</name>
         <value>0x1e9d</value>
         <object_component_ref idref="oc-45"/>
      </symbol>
      <symbol id="sm-172">
         <name>__aeabi_memcpy</name>
         <value>0x1e9d</value>
         <object_component_ref idref="oc-45"/>
      </symbol>
      <symbol id="sm-173">
         <name>__aeabi_memcpy8</name>
         <value>0x1e9d</value>
         <object_component_ref idref="oc-45"/>
      </symbol>
      <symbol id="sm-174">
         <name>__aeabi_memcpy4</name>
         <value>0x1e9d</value>
         <object_component_ref idref="oc-45"/>
      </symbol>
      <symbol id="sm-183">
         <name>__aeabi_memset</name>
         <value>0x2047</value>
         <object_component_ref idref="oc-51"/>
      </symbol>
      <symbol id="sm-184">
         <name>memset</name>
         <value>0x204d</value>
         <object_component_ref idref="oc-51"/>
      </symbol>
      <symbol id="sm-185">
         <name>__aeabi_memset8</name>
         <value>0x2047</value>
         <object_component_ref idref="oc-51"/>
      </symbol>
      <symbol id="sm-186">
         <name>__aeabi_memset4</name>
         <value>0x2047</value>
         <object_component_ref idref="oc-51"/>
      </symbol>
      <symbol id="sm-187">
         <name>__aeabi_memclr8</name>
         <value>0x2045</value>
         <object_component_ref idref="oc-51"/>
      </symbol>
      <symbol id="sm-188">
         <name>__aeabi_memclr4</name>
         <value>0x2045</value>
         <object_component_ref idref="oc-51"/>
      </symbol>
      <symbol id="sm-189">
         <name>__aeabi_memclr</name>
         <value>0x2045</value>
         <object_component_ref idref="oc-51"/>
      </symbol>
      <symbol id="sm-193">
         <name>__mpu_init</name>
         <value>0x13ab</value>
         <object_component_ref idref="oc-5d"/>
      </symbol>
      <symbol id="sm-19d">
         <name>_system_pre_init</name>
         <value>0x2517</value>
         <object_component_ref idref="oc-63"/>
      </symbol>
      <symbol id="sm-1b6">
         <name>sprintf</name>
         <value>0x21fd</value>
         <object_component_ref idref="oc-86"/>
      </symbol>
      <symbol id="sm-1be">
         <name>main_func_sp</name>
         <value>0x20000824</value>
         <object_component_ref idref="oc-7b"/>
      </symbol>
      <symbol id="sm-1cc">
         <name>strlen</name>
         <value>0x24dd</value>
         <object_component_ref idref="oc-80"/>
      </symbol>
      <symbol id="sm-1e5">
         <name>_nop</name>
         <value>0x24c3</value>
         <object_component_ref idref="oc-101"/>
      </symbol>
      <symbol id="sm-1e6">
         <name>_lock</name>
         <value>0x20000818</value>
         <object_component_ref idref="oc-c7"/>
      </symbol>
      <symbol id="sm-1e7">
         <name>_unlock</name>
         <value>0x2000081c</value>
         <object_component_ref idref="oc-c7"/>
      </symbol>
      <symbol id="sm-1e8">
         <name>_register_lock</name>
         <value>0x24bb</value>
         <object_component_ref idref="oc-101"/>
      </symbol>
      <symbol id="sm-1e9">
         <name>_register_unlock</name>
         <value>0x24b5</value>
         <object_component_ref idref="oc-101"/>
      </symbol>
      <symbol id="sm-2ea">
         <name>__TI_printfi</name>
         <value>0xab1</value>
         <object_component_ref idref="oc-d1"/>
      </symbol>
      <symbol id="sm-2fe">
         <name>_args_main</name>
         <value>0x2485</value>
         <object_component_ref idref="oc-6f"/>
      </symbol>
      <symbol id="sm-314">
         <name>atoi</name>
         <value>0x2359</value>
         <object_component_ref idref="oc-14f"/>
      </symbol>
      <symbol id="sm-33e">
         <name>__TI_auto_init</name>
         <value>0x20c1</value>
         <object_component_ref idref="oc-69"/>
      </symbol>
      <symbol id="sm-358">
         <name>copy_in</name>
         <value>0x23a5</value>
         <object_component_ref idref="oc-b4"/>
      </symbol>
      <symbol id="sm-363">
         <name>_ctypes_</name>
         <value>0x251a</value>
         <object_component_ref idref="oc-19b"/>
      </symbol>
      <symbol id="sm-37a">
         <name>__aeabi_dsub</name>
         <value>0x19b9</value>
         <object_component_ref idref="oc-138"/>
      </symbol>
      <symbol id="sm-37b">
         <name>__aeabi_dadd</name>
         <value>0x19c3</value>
         <object_component_ref idref="oc-138"/>
      </symbol>
      <symbol id="sm-39d">
         <name>__aeabi_cdcmpeq</name>
         <value>0x1f39</value>
         <object_component_ref idref="oc-114"/>
      </symbol>
      <symbol id="sm-39e">
         <name>__aeabi_cdcmple</name>
         <value>0x1f39</value>
         <object_component_ref idref="oc-114"/>
      </symbol>
      <symbol id="sm-39f">
         <name>__aeabi_cdrcmple</name>
         <value>0x1fbf</value>
         <object_component_ref idref="oc-123"/>
      </symbol>
      <symbol id="sm-3b3">
         <name>__aeabi_ddiv</name>
         <value>0x1b6f</value>
         <object_component_ref idref="oc-11e"/>
      </symbol>
      <symbol id="sm-3be">
         <name>__aeabi_dmul</name>
         <value>0x1ca5</value>
         <object_component_ref idref="oc-119"/>
      </symbol>
      <symbol id="sm-3c8">
         <name>__aeabi_d2iz</name>
         <value>0x23f1</value>
         <object_component_ref idref="oc-128"/>
      </symbol>
      <symbol id="sm-3d2">
         <name>__aeabi_i2d</name>
         <value>0x2439</value>
         <object_component_ref idref="oc-133"/>
      </symbol>
      <symbol id="sm-3e1">
         <name>ltoa</name>
         <value>0x2305</value>
         <object_component_ref idref="oc-12d"/>
      </symbol>
      <symbol id="sm-3f1">
         <name>memccpy</name>
         <value>0x2467</value>
         <object_component_ref idref="oc-155"/>
      </symbol>
      <symbol id="sm-40c">
         <name>frexpl</name>
         <value>0x2199</value>
         <object_component_ref idref="oc-13d"/>
      </symbol>
      <symbol id="sm-40d">
         <name>frexp</name>
         <value>0x2199</value>
         <object_component_ref idref="oc-13d"/>
      </symbol>
      <symbol id="sm-42a">
         <name>scalbn</name>
         <value>0x1da1</value>
         <object_component_ref idref="oc-143"/>
      </symbol>
      <symbol id="sm-42b">
         <name>scalbnl</name>
         <value>0x1da1</value>
         <object_component_ref idref="oc-143"/>
      </symbol>
      <symbol id="sm-42c">
         <name>ldexpl</name>
         <value>0x1da1</value>
         <object_component_ref idref="oc-143"/>
      </symbol>
      <symbol id="sm-42d">
         <name>ldexp</name>
         <value>0x1da1</value>
         <object_component_ref idref="oc-143"/>
      </symbol>
      <symbol id="sm-437">
         <name>_system_post_cinit</name>
         <value>0x20bf</value>
         <object_component_ref idref="oc-ba"/>
      </symbol>
      <symbol id="sm-447">
         <name>strchr</name>
         <value>0x249d</value>
         <object_component_ref idref="oc-149"/>
      </symbol>
      <symbol id="sm-463">
         <name>__aeabi_uldivmod</name>
         <value>0x17c5</value>
         <object_component_ref idref="oc-10f"/>
      </symbol>
      <symbol id="sm-46b">
         <name>errno</name>
         <value>0x20000820</value>
         <object_component_ref idref="oc-194"/>
      </symbol>
      <symbol id="sm-475">
         <name>copysign</name>
         <value>0x24c9</value>
         <object_component_ref idref="oc-18e"/>
      </symbol>
      <symbol id="sm-476">
         <name>copysignl</name>
         <value>0x24c9</value>
         <object_component_ref idref="oc-18e"/>
      </symbol>
      <symbol id="sm-477">
         <name>__TI_static_base__</name>
         <value>0x0</value>
      </symbol>
      <symbol id="sm-47a">
         <name>SHT$$INIT_ARRAY$$Limit</name>
         <value>0x0</value>
      </symbol>
      <symbol id="sm-47b">
         <name>SHT$$INIT_ARRAY$$Base</name>
         <value>0x0</value>
      </symbol>
   </symbol_table>
   <title>Link successful</title>
</link_info>
