******************************************************************************
                  TI ARM Linker PC v16.9.6                     
******************************************************************************
>> Linked Mon Oct 29 00:09:15 2018

OUTPUT FILE NAME:   <TivaBluetooth.out>
ENTRY POINT SYMBOL: "_c_int00"  address: 000020f1


MEMORY CONFIGURATION

         name            origin    length      used     unused   attr    fill
----------------------  --------  ---------  --------  --------  ----  --------
  FLASH                 00000000   00040000  000024ef  0003db11  R  X
  SRAM                  20000000   00008000  00000232  00007dce  RW X


SEGMENT ALLOCATION MAP

run origin  load origin   length   init length attrs members
----------  ----------- ---------- ----------- ----- -------
00000000    00000000    000024f0   000024f0    r-x
  00000000    00000000    0000026c   0000026c    r-- .intvecs
  0000026c    0000026c    00002142   00002142    r-x .text
  000023ae    000023ae    00000101   00000101    r-- .const
  000024b0    000024b0    00000040   00000040    r-- .cinit
20000000    20000000    00000232   00000000    rw-
  20000000    20000000    00000200   00000000    rw- .stack
  20000200    20000200    00000024   00000000    rw- .data
  20000224    20000224    0000000e   00000000    rw- .bss


SECTION ALLOCATION MAP

 output                                  attributes/
section   page    origin      length       input sections
--------  ----  ----------  ----------   ----------------
.intvecs   0    00000000    0000026c     
                  00000000    0000026c     tm4c123gh6pm_startup_ccs.obj (.intvecs)

.text      0    0000026c    00002142     
                  0000026c    0000113e     rtsv7M4_T_le_v4SPD16_eabi.lib : _printfi.obj (.text)
                  000013aa    00000002                                   : mpu_init.obj (.text)
                  000013ac    000002ac     bluetooth.obj (.text)
                  00001658    000001f4     rtsv7M4_T_le_v4SPD16_eabi.lib : ull_div_t2.obj (.text)
                  0000184c    000001b6                                   : fd_add_t2.obj (.text)
                  00001a02    00000136                                   : fd_div_t2.obj (.text)
                  00001b38    000000fc                                   : fd_mul_t2.obj (.text)
                  00001c34    000000fc                                   : s_scalbn.obj (.text)
                  00001d30    0000009c                                   : memcpy_t2.obj (.text)
                  00001dcc    00000086                                   : fd_cmp_t2.obj (.text:__aeabi_cdcmple)
                  00001e52    00000086                                   : fd_cmp_t2.obj (.text:__aeabi_cdrcmple)
                  00001ed8    0000007a                                   : memset_t2.obj (.text)
                  00001f52    00000002                                   : startup.obj (.text)
                  00001f54    00000070                                   : autoinit.obj (.text)
                  00001fc4    00000068                                   : copy_decompress_lzss.obj (.text:decompress:lzss)
                  0000202c    00000064                                   : s_frexp.obj (.text)
                  00002090    00000060                                   : sprintf.obj (.text)
                  000020f0    00000054                                   : boot.obj (.text)
                  00002144    00000054                                   : exit.obj (.text)
                  00002198    00000054                                   : ltoa.obj (.text)
                  000021ec    0000004c                                   : atoi.obj (.text)
                  00002238    0000004c                                   : cpy_tbl.obj (.text)
                  00002284    00000048                                   : fd_toi_t2.obj (.text)
                  000022cc    0000002e                                   : i_tofd_t2.obj (.text)
                  000022fa    0000001c                                   : memccpy.obj (.text)
                  00002316    00000002     --HOLE-- [fill = 0]
                  00002318    00000018                                   : args_main.obj (.text)
                  00002330    00000016                                   : strchr.obj (.text)
                  00002346    00000002     --HOLE-- [fill = 0]
                  00002348    00000014                                   : _lock.obj (.text)
                  0000235c    00000014                                   : s_copysign.obj (.text)
                  00002370    00000014                                   : strlen.obj (.text)
                  00002384    0000000e                                   : copy_decompress_none.obj (.text:decompress:none)
                  00002392    0000000c                                   : copy_zero_init.obj (.text:decompress:ZI)
                  0000239e    0000000c     tm4c123gh6pm_startup_ccs.obj (.text)
                  000023aa    00000004     rtsv7M4_T_le_v4SPD16_eabi.lib : pre_init.obj (.text)

.const     0    000023ae    00000101     
                  000023ae    00000101     rtsv7M4_T_le_v4SPD16_eabi.lib : ctype.obj (.const:.string:_ctypes_)

.cinit     0    000024b0    00000040     
                  000024b0    00000015     (.cinit..data.load) [load image, compression = lzss]
                  000024c5    00000003     --HOLE-- [fill = 0]
                  000024c8    0000000c     (__TI_handler_table)
                  000024d4    00000004     --HOLE-- [fill = 0]
                  000024d8    00000008     (.cinit..bss.load) [load image, compression = zero_init]
                  000024e0    00000010     (__TI_cinit_table)

.init_array 
*          0    00000000    00000000     UNINITIALIZED

.stack     0    20000000    00000200     UNINITIALIZED
                  20000000    00000200     --HOLE--

.data      0    20000200    00000024     UNINITIALIZED
                  20000200    0000000c     rtsv7M4_T_le_v4SPD16_eabi.lib : exit.obj (.data:$O1$$)
                  2000020c    00000008                                   : _lock.obj (.data:$O1$$)
                  20000214    00000005     bluetooth.obj (.data)
                  20000219    00000003     --HOLE--
                  2000021c    00000004     rtsv7M4_T_le_v4SPD16_eabi.lib : errno.obj (.data)
                  20000220    00000004                                   : stkdepth_vars.obj (.data)

.bss       0    20000224    0000000e     UNINITIALIZED
                  20000224    0000000c     (.common:countstr)
                  20000230    00000001     (.common:rxChar)
                  20000231    00000001     (.common:txChar)

MODULE SUMMARY

       Module                         code   ro data   rw data
       ------                         ----   -------   -------
    .\
       bluetooth.obj                  684    0         19     
       tm4c123gh6pm_startup_ccs.obj   12     620       0      
    +--+------------------------------+------+---------+---------+
       Total:                         696    620       19     
                                                              
    C:\ti\ccsv7\tools\compiler\ti-cgt-arm_16.9.6.LTS\lib\rtsv7M4_T_le_v4SPD16_eabi.lib
       _printfi.obj                   4414   0         0      
       ull_div_t2.obj                 500    0         0      
       fd_add_t2.obj                  438    0         0      
       fd_div_t2.obj                  310    0         0      
       fd_cmp_t2.obj                  268    0         0      
       ctype.obj                      0      257       0      
       fd_mul_t2.obj                  252    0         0      
       s_scalbn.obj                   252    0         0      
       memcpy_t2.obj                  156    0         0      
       memset_t2.obj                  122    0         0      
       autoinit.obj                   112    0         0      
       copy_decompress_lzss.obj       104    0         0      
       s_frexp.obj                    100    0         0      
       exit.obj                       84     0         12     
       sprintf.obj                    96     0         0      
       boot.obj                       84     0         0      
       ltoa.obj                       84     0         0      
       atoi.obj                       76     0         0      
       cpy_tbl.obj                    76     0         0      
       fd_toi_t2.obj                  72     0         0      
       i_tofd_t2.obj                  46     0         0      
       _lock.obj                      20     0         8      
       memccpy.obj                    28     0         0      
       args_main.obj                  24     0         0      
       strchr.obj                     22     0         0      
       s_copysign.obj                 20     0         0      
       strlen.obj                     20     0         0      
       copy_decompress_none.obj       14     0         0      
       copy_zero_init.obj             12     0         0      
       errno.obj                      0      0         4      
       pre_init.obj                   4      0         0      
       stkdepth_vars.obj              0      0         4      
       mpu_init.obj                   2      0         0      
       startup.obj                    2      0         0      
    +--+------------------------------+------+---------+---------+
       Total:                         7814   257       28     
                                                              
       Stack:                         0      0         512    
       Linker Generated:              0      57        0      
    +--+------------------------------+------+---------+---------+
       Grand Total:                   8510   934       559    


LINKER GENERATED COPY TABLES

__TI_cinit_table @ 000024e0 records: 2, size/record: 8, table size: 16
	.data: load addr=000024b0, load size=00000015 bytes, run addr=20000200, run size=00000024 bytes, compression=lzss
	.bss: load addr=000024d8, load size=00000008 bytes, run addr=20000224, run size=0000000e bytes, compression=zero_init


LINKER GENERATED HANDLER TABLE

__TI_handler_table @ 000024c8 records: 3, size/record: 4, table size: 12
	index: 0, handler: __TI_decompress_lzss
	index: 1, handler: __TI_decompress_none
	index: 2, handler: __TI_zero_init


GLOBAL SYMBOLS: SORTED ALPHABETICALLY BY Name 

address   name                           
-------   ----                           
00002145  C$$EXIT                        
0000239f  ResetISR                       
UNDEFED   SHT$$INIT_ARRAY$$Base          
UNDEFED   SHT$$INIT_ARRAY$$Limit         
000015c7  Timer0InterruptIsr             
00001583  Uart2InterruptIsr              
00001575  Uart3InterruptIsr              
20000200  __STACK_END                    
00000200  __STACK_SIZE                   
20000200  __STACK_TOP                    
000024e0  __TI_CINIT_Base                
000024f0  __TI_CINIT_Limit               
000024c8  __TI_Handler_Table_Base        
000024d4  __TI_Handler_Table_Limit       
00001f55  __TI_auto_init                 
20000200  __TI_cleanup_ptr               
00001fc5  __TI_decompress_lzss           
00002385  __TI_decompress_none           
20000204  __TI_dtors_ptr                 
20000208  __TI_enable_exit_profile_output
ffffffff  __TI_pprof_out_hndl            
00000ab1  __TI_printfi                   
ffffffff  __TI_prof_data_size            
ffffffff  __TI_prof_data_start           
00000000  __TI_static_base__             
00002393  __TI_zero_init                 
00001dcd  __aeabi_cdcmpeq                
00001dcd  __aeabi_cdcmple                
00001e53  __aeabi_cdrcmple               
00002285  __aeabi_d2iz                   
00001857  __aeabi_dadd                   
00001a03  __aeabi_ddiv                   
00001b39  __aeabi_dmul                   
0000184d  __aeabi_dsub                   
000022cd  __aeabi_i2d                    
00001ed9  __aeabi_memclr                 
00001ed9  __aeabi_memclr4                
00001ed9  __aeabi_memclr8                
00001d31  __aeabi_memcpy                 
00001d31  __aeabi_memcpy4                
00001d31  __aeabi_memcpy8                
00001edb  __aeabi_memset                 
00001edb  __aeabi_memset4                
00001edb  __aeabi_memset8                
00001659  __aeabi_uldivmod               
ffffffff  __binit__                      
ffffffff  __c_args__                     
000013ab  __mpu_init                     
20000000  __stack                        
00002319  _args_main                     
000020f1  _c_int00                       
000023ae  _ctypes_                       
2000020c  _lock                          
00002357  _nop                           
0000234f  _register_lock                 
00002349  _register_unlock               
00001f53  _system_post_cinit             
000023ab  _system_pre_init               
20000210  _unlock                        
00002149  abort                          
000021ed  atoi                           
ffffffff  binit                          
00002239  copy_in                        
0000235d  copysign                       
0000235d  copysignl                      
20000216  count                          
20000224  countstr                       
2000021c  errno                          
00002151  exit                           
0000202d  frexp                          
0000202d  frexpl                         
00000000  g_pfnVectors                   
20000218  index                          
00001c35  ldexp                          
00001c35  ldexpl                         
00002199  ltoa                           
0000156d  main                           
20000220  main_func_sp                   
000022fb  memccpy                        
00001d31  memcpy                         
00001ee1  memset                         
20000230  rxChar                         
00001c35  scalbn                         
00001c35  scalbnl                        
000013fd  setUp                          
00002091  sprintf                        
00002331  strchr                         
00002371  strlen                         
20000214  timeron                        
20000231  txChar                         
000013d5  writeCharToUart0               
000013ad  writeCharToUart3               
000013e1  writeStringToUart0             
000013b9  writeStringToUart3             


GLOBAL SYMBOLS: SORTED BY Symbol Address 

address   name                           
-------   ----                           
00000000  __TI_static_base__             
00000000  g_pfnVectors                   
00000200  __STACK_SIZE                   
00000ab1  __TI_printfi                   
000013ab  __mpu_init                     
000013ad  writeCharToUart3               
000013b9  writeStringToUart3             
000013d5  writeCharToUart0               
000013e1  writeStringToUart0             
000013fd  setUp                          
0000156d  main                           
00001575  Uart3InterruptIsr              
00001583  Uart2InterruptIsr              
000015c7  Timer0InterruptIsr             
00001659  __aeabi_uldivmod               
0000184d  __aeabi_dsub                   
00001857  __aeabi_dadd                   
00001a03  __aeabi_ddiv                   
00001b39  __aeabi_dmul                   
00001c35  ldexp                          
00001c35  ldexpl                         
00001c35  scalbn                         
00001c35  scalbnl                        
00001d31  __aeabi_memcpy                 
00001d31  __aeabi_memcpy4                
00001d31  __aeabi_memcpy8                
00001d31  memcpy                         
00001dcd  __aeabi_cdcmpeq                
00001dcd  __aeabi_cdcmple                
00001e53  __aeabi_cdrcmple               
00001ed9  __aeabi_memclr                 
00001ed9  __aeabi_memclr4                
00001ed9  __aeabi_memclr8                
00001edb  __aeabi_memset                 
00001edb  __aeabi_memset4                
00001edb  __aeabi_memset8                
00001ee1  memset                         
00001f53  _system_post_cinit             
00001f55  __TI_auto_init                 
00001fc5  __TI_decompress_lzss           
0000202d  frexp                          
0000202d  frexpl                         
00002091  sprintf                        
000020f1  _c_int00                       
00002145  C$$EXIT                        
00002149  abort                          
00002151  exit                           
00002199  ltoa                           
000021ed  atoi                           
00002239  copy_in                        
00002285  __aeabi_d2iz                   
000022cd  __aeabi_i2d                    
000022fb  memccpy                        
00002319  _args_main                     
00002331  strchr                         
00002349  _register_unlock               
0000234f  _register_lock                 
00002357  _nop                           
0000235d  copysign                       
0000235d  copysignl                      
00002371  strlen                         
00002385  __TI_decompress_none           
00002393  __TI_zero_init                 
0000239f  ResetISR                       
000023ab  _system_pre_init               
000023ae  _ctypes_                       
000024c8  __TI_Handler_Table_Base        
000024d4  __TI_Handler_Table_Limit       
000024e0  __TI_CINIT_Base                
000024f0  __TI_CINIT_Limit               
20000000  __stack                        
20000200  __STACK_END                    
20000200  __STACK_TOP                    
20000200  __TI_cleanup_ptr               
20000204  __TI_dtors_ptr                 
20000208  __TI_enable_exit_profile_output
2000020c  _lock                          
20000210  _unlock                        
20000214  timeron                        
20000216  count                          
20000218  index                          
2000021c  errno                          
20000220  main_func_sp                   
20000224  countstr                       
20000230  rxChar                         
20000231  txChar                         
ffffffff  __TI_pprof_out_hndl            
ffffffff  __TI_prof_data_size            
ffffffff  __TI_prof_data_start           
ffffffff  __binit__                      
ffffffff  __c_args__                     
ffffffff  binit                          
UNDEFED   SHT$$INIT_ARRAY$$Base          
UNDEFED   SHT$$INIT_ARRAY$$Limit         

[94 symbols]
